2026-09-30 00:00:01,985 [INFO] Priority 2 on this account: waiting 18s for the bots above
2026-09-30 00:15:03,536 [INFO] Priority 2 on this account: waiting 16s for the bots above
2026-09-30 00:30:03,433 [INFO] Priority 2 on this account: waiting 17s for the bots above
2026-09-30 00:45:03,195 [INFO] Priority 2 on this account: waiting 17s for the bots above
2026-09-30 01:00:03,780 [INFO] Priority 2 on this account: waiting 16s for the bots above
2026-09-30 01:15:05,616 [INFO] Priority 2 on this account: waiting 14s for the bots above
2026-09-30 01:30:03,713 [INFO] Priority 2 on this account: waiting 16s for the bots above
2026-09-30 01:39:23,336 [INFO] Stop requested by file — shutting down cleanly.
2026-09-30 01:39:23,336 [INFO] Stop requested — shutting down.
2026-09-30 01:39:23,336 [INFO] Cleared a stale stop.request from a previous run.
2026-09-30 01:39:23,352 [INFO] MT5 disconnected.
2026-09-30 01:39:35,070 [INFO] Extreme Leg | ExtremeLegStrategy v336 | hash 6c6ca39049cf | commit 54ea4c6b | frozen | LIVE
2026-09-30 01:39:35,633 [INFO] Connected | #34957946 | $10,287.06 | PUPrime-Live
2026-09-30 01:39:35,633 [INFO] MT5 connection lock released
2026-09-30 01:39:35,946 [INFO] Sizing against account balance $10,287.06
2026-09-30 01:39:35,946 [INFO] Account risk cap: 10.0% of the live balance, across every bot on this account (this bot risks 5.0% per trade).
2026-09-30 01:39:35,946 [INFO] Setup alerts: ON — watching, entry_zone, blocked, resolved → account 34957946's own signals channel -1003332727688
2026-09-30 01:39:40,827 [INFO] Warmed 15000 bars (2026-07-15 14:05:00+00:00 → 2026-09-30 01:30:00+00:00) in 4.5s
2026-09-30 01:39:40,827 [INFO] Equity re-anchored to the account after warm-up: 9,103.32 → 10,287.06
2026-09-30 01:39:40,858 [INFO] Setup threads carried across the restart: 1 — 0 closed, 1 still open.
2026-09-30 01:39:41,655 [INFO] Watching for closed M5 bars (poll 10s). Ctrl-C to stop.
2026-09-30 01:45:03,113 [INFO] Priority 2 on this account: waiting 17s for the bots above
2026-09-30 02:00:03,340 [INFO] Priority 2 on this account: waiting 17s for the bots above
2026-09-30 02:15:04,560 [INFO] Priority 2 on this account: waiting 15s for the bots above
