2026-09-13 00:47:32,422 [INFO] Stop requested by file — shutting down cleanly.
2026-09-13 00:47:32,437 [INFO] Stop requested — shutting down.
2026-09-13 00:47:32,453 [INFO] Cleared a stale stop.request from a previous run.
2026-09-13 00:47:33,062 [INFO] MT5 disconnected.
2026-09-13 00:47:41,485 [INFO] SOS Fade | SosFadeStrategy v174 | hash be7556a7948a | commit aeb7b570 | frozen | LIVE
2026-09-13 00:47:42,005 [INFO] Connected | #700152905 | $15,844.46 | PUPrime-Demo
2026-09-13 00:47:42,005 [INFO] MT5 connection lock released
2026-09-13 00:47:42,111 [INFO] Sizing against account balance $15,844.46
2026-09-13 00:47:42,111 [INFO] Re-entry fill clock: M5 — a second bar stream beside M15.
2026-09-13 00:47:42,111 [INFO] Account risk cap: 10.0% of the live balance, across every bot on this account (this bot risks 5.0% per trade).
2026-09-13 00:47:42,111 [INFO] Setup alerts: ON — watching, entry_zone, blocked, resolved → the shared telegram_signal_chat
2026-09-13 00:47:43,486 [INFO] Warmed 5000 bars (2026-06-29 06:15:00+00:00 → 2026-09-11 20:30:00+00:00) in 1.3s
2026-09-13 00:47:45,049 [INFO] Warmed the fast feed on 15000 M5 bars (2026-06-29 06:25:00+00:00 → 2026-09-11 20:50:00+00:00).
2026-09-13 00:47:45,064 [INFO] Equity re-anchored to the account after warm-up: 13,672.21 → 15,844.46
2026-09-13 00:47:45,455 [INFO] Watching for closed M15 bars (poll 10s). Ctrl-C to stop.
2026-09-13 01:28:08,936 [ERROR] TRADING OFF: the broker has switched trading off for this account — it is read-only. Every order this bot sends will be refused.
2026-09-13 01:28:39,354 [INFO] Trading is allowed on this account again.
2026-09-13 02:03:22,774 [ERROR] TRADING OFF: the broker has switched trading off for this account — it is read-only. Every order this bot sends will be refused.
2026-09-13 02:03:33,336 [INFO] Trading is allowed on this account again.
2026-09-13 18:17:46,411 [INFO] Stop requested by file — shutting down cleanly.
2026-09-13 18:17:46,411 [INFO] Stop requested — shutting down.
2026-09-13 18:17:46,411 [INFO] Cleared a stale stop.request from a previous run.
2026-09-13 18:17:46,810 [INFO] MT5 disconnected.
2026-09-13 18:20:45,467 [INFO] SOS Fade | SosFadeStrategy v174 | hash be7556a7948a | commit e368949c | frozen | LIVE
2026-09-13 18:20:45,987 [INFO] Connected | #700152905 | $15,844.46 | PUPrime-Demo
2026-09-13 18:20:45,987 [INFO] MT5 connection lock released
2026-09-13 18:20:46,092 [INFO] Sizing against account balance $15,844.46
2026-09-13 18:20:46,108 [INFO] Re-entry fill clock: M5 — a second bar stream beside M15.
2026-09-13 18:20:46,108 [INFO] Account risk cap: 10.0% of the live balance, across every bot on this account (this bot risks 5.0% per trade).
2026-09-13 18:20:46,108 [INFO] Setup alerts: ON — watching, entry_zone, blocked, resolved → the shared telegram_signal_chat
2026-09-13 18:20:47,405 [INFO] Warmed 5000 bars (2026-06-29 06:15:00+00:00 → 2026-09-11 20:30:00+00:00) in 1.2s
2026-09-13 18:20:48,811 [INFO] Warmed the fast feed on 15000 M5 bars (2026-06-29 06:25:00+00:00 → 2026-09-11 20:50:00+00:00).
2026-09-13 18:20:48,811 [INFO] Equity re-anchored to the account after warm-up: 13,672.21 → 15,844.46
2026-09-13 18:20:49,218 [INFO] Watching for closed M15 bars (poll 10s). Ctrl-C to stop.
2026-09-13 20:24:10,541 [INFO] Stop requested by file — shutting down cleanly.
2026-09-13 20:24:10,541 [INFO] Stop requested — shutting down.
2026-09-13 20:24:10,541 [INFO] Cleared a stale stop.request from a previous run.
2026-09-13 20:24:10,916 [INFO] MT5 disconnected.
2026-09-13 21:16:55,101 [INFO] SOS Fade | SosFadeStrategy v174 | hash be7556a7948a | commit 1cb5a3ec | frozen | LIVE
2026-09-13 21:16:55,628 [INFO] Connected | #700152905 | $15,844.46 | PUPrime-Demo
2026-09-13 21:16:55,628 [INFO] MT5 connection lock released
2026-09-13 21:16:55,743 [INFO] Sizing against account balance $15,844.46
2026-09-13 21:16:55,758 [INFO] Re-entry fill clock: M5 — a second bar stream beside M15.
2026-09-13 21:16:55,758 [INFO] Account risk cap: 10.0% of the live balance, across every bot on this account (this bot risks 5.0% per trade).
2026-09-13 21:16:55,758 [INFO] Setup alerts: ON — watching, entry_zone, blocked, resolved → the shared telegram_signal_chat
2026-09-13 21:16:57,257 [INFO] Warmed 5000 bars (2026-06-29 06:15:00+00:00 → 2026-09-11 20:30:00+00:00) in 1.4s
2026-09-13 21:16:58,773 [INFO] Warmed the fast feed on 15000 M5 bars (2026-06-29 06:25:00+00:00 → 2026-09-11 20:50:00+00:00).
2026-09-13 21:16:58,773 [INFO] Equity re-anchored to the account after warm-up: 13,672.21 → 15,844.46
2026-09-13 21:16:59,242 [INFO] Watching for closed M15 bars (poll 10s). Ctrl-C to stop.
2026-09-13 22:05:04,662 [WARNING] 589 M5 bars missed on the re-entry's feed — re-warming the fast side. The primary is untouched.
2026-09-13 22:05:07,943 [INFO] Warmed the fast feed on 15000 M5 bars (2026-06-29 06:35:00+00:00 → 2026-09-13 22:00:00+00:00).
2026-09-13 22:05:18,627 [INFO] The re-entry's feed is delivering again.
2026-09-13 22:15:00,567 [WARNING] 197 bars missed — re-warming the engines rather than resuming with a hole in the stream.
2026-09-13 22:15:00,567 [INFO] Sizing against account balance $15,844.46
2026-09-13 22:15:03,224 [INFO] Warmed 5000 bars (2026-06-29 06:45:00+00:00 → 2026-09-13 22:00:00+00:00) in 2.5s
2026-09-13 22:15:05,838 [INFO] Fast feed bookmarked at 2026-09-13 22:14:59.999000+00:00 — the 15m context is already past it.
2026-09-13 22:15:05,838 [INFO] Warmed the fast feed on 15000 M5 bars (2026-06-29 06:45:00+00:00 → 2026-09-13 22:10:00+00:00).
2026-09-13 22:15:05,838 [INFO] Equity re-anchored to the account after warm-up: 13,672.21 → 15,844.46
