2026-09-20 01:29:16,654 [ERROR] TRADING OFF: the broker has switched trading off for this account — it is read-only. Every order this bot sends will be refused.
2026-09-20 01:29:47,163 [INFO] Trading is allowed on this account again.
2026-09-20 22:05:04,341 [WARNING] 589 bars missed — re-warming the engines rather than resuming with a hole in the stream.
2026-09-20 22:05:04,386 [INFO] Sizing against account balance $16,508.58
2026-09-20 22:05:19,542 [INFO] Warmed 15000 bars (2026-07-06 10:35:00+00:00 → 2026-09-20 22:00:00+00:00) in 14.6s
2026-09-20 22:05:19,542 [INFO] Restored position T382437086 — LONG 0.11 lots @ 4376.59, stop 4372.605, stage 2, opened by the primary. It will be managed from the next bar.
2026-09-20 22:10:00,320 [INFO] Priority 3 on this account: waiting 20s for the bots above
2026-09-20 22:15:00,693 [INFO] Priority 3 on this account: waiting 39s for the bots above
2026-09-20 22:20:00,656 [INFO] Priority 3 on this account: waiting 19s for the bots above
2026-09-20 22:25:00,731 [INFO] Priority 3 on this account: waiting 19s for the bots above
2026-09-20 22:30:00,831 [INFO] Priority 3 on this account: waiting 39s for the bots above
2026-09-20 22:35:00,731 [INFO] Priority 3 on this account: waiting 19s for the bots above
2026-09-20 22:40:00,807 [INFO] Priority 3 on this account: waiting 19s for the bots above
2026-09-20 22:45:00,854 [INFO] Priority 3 on this account: waiting 39s for the bots above
2026-09-20 22:50:00,735 [INFO] Priority 3 on this account: waiting 19s for the bots above
2026-09-20 22:55:00,687 [INFO] Priority 3 on this account: waiting 19s for the bots above
2026-09-20 23:00:00,811 [INFO] Priority 3 on this account: waiting 39s for the bots above
2026-09-20 23:05:00,625 [INFO] Priority 3 on this account: waiting 19s for the bots above
2026-09-20 23:10:00,884 [INFO] Priority 3 on this account: waiting 19s for the bots above
2026-09-20 23:10:20,015 [INFO] POSITION CLOSED | T382437086 LONG @ 4372.6 | P&L $-52.85 (-0.14R)
2026-09-20 23:10:20,671 [INFO] Equity re-anchored to the account flat between trades: 16,448.81 → 16,455.84
2026-09-20 23:15:01,350 [INFO] Priority 3 on this account: waiting 39s for the bots above
2026-09-20 23:20:00,709 [INFO] Priority 3 on this account: waiting 19s for the bots above
