2026-09-18 00:00:00,836 [INFO] Priority 3 on this account: waiting 39s for the bots above
2026-09-18 00:05:01,022 [INFO] Priority 3 on this account: waiting 19s for the bots above
2026-09-18 00:10:01,313 [INFO] Priority 3 on this account: waiting 19s for the bots above
2026-09-18 00:15:01,116 [INFO] Priority 3 on this account: waiting 39s for the bots above
2026-09-18 00:20:01,294 [INFO] Priority 3 on this account: waiting 19s for the bots above
2026-09-18 00:25:01,229 [INFO] Priority 3 on this account: waiting 19s for the bots above
2026-09-18 00:30:00,950 [INFO] Priority 3 on this account: waiting 39s for the bots above
2026-09-18 00:35:00,924 [INFO] Priority 3 on this account: waiting 19s for the bots above
2026-09-18 00:40:00,883 [INFO] Priority 3 on this account: waiting 19s for the bots above
2026-09-18 00:45:01,050 [INFO] Priority 3 on this account: waiting 39s for the bots above
2026-09-18 00:50:01,076 [INFO] Priority 3 on this account: waiting 19s for the bots above
2026-09-18 00:55:00,965 [INFO] Priority 3 on this account: waiting 19s for the bots above
2026-09-18 01:00:01,336 [INFO] Priority 3 on this account: waiting 39s for the bots above
2026-09-18 01:04:51,575 [INFO] Equity re-anchored to the account flat between trades: 16,508.74 → 16,508.73
2026-09-18 01:05:01,663 [INFO] Priority 3 on this account: waiting 18s for the bots above
2026-09-18 01:05:20,004 [INFO] Equity re-anchored to the account flat between trades: 16,508.73 → 16,508.69
2026-09-18 01:10:01,310 [INFO] Priority 3 on this account: waiting 19s for the bots above
2026-09-18 01:15:01,158 [INFO] Priority 3 on this account: waiting 39s for the bots above
2026-09-18 01:20:01,259 [INFO] Priority 3 on this account: waiting 19s for the bots above
2026-09-18 01:25:01,101 [INFO] Priority 3 on this account: waiting 19s for the bots above
2026-09-18 01:30:00,978 [INFO] Priority 3 on this account: waiting 39s for the bots above
2026-09-18 01:35:01,238 [INFO] Priority 3 on this account: waiting 19s for the bots above
2026-09-18 01:40:01,102 [INFO] Priority 3 on this account: waiting 19s for the bots above
2026-09-18 01:45:01,004 [INFO] Priority 3 on this account: waiting 39s for the bots above
2026-09-18 01:50:01,277 [INFO] Priority 3 on this account: waiting 19s for the bots above
2026-09-18 01:55:00,990 [INFO] Priority 3 on this account: waiting 19s for the bots above
2026-09-18 02:00:00,958 [INFO] Priority 3 on this account: waiting 39s for the bots above
2026-09-18 02:05:01,219 [INFO] Priority 3 on this account: waiting 19s for the bots above
2026-09-18 02:10:00,822 [INFO] Priority 3 on this account: waiting 19s for the bots above
2026-09-18 02:15:01,046 [INFO] Priority 3 on this account: waiting 39s for the bots above
2026-09-18 02:20:00,783 [INFO] Priority 3 on this account: waiting 19s for the bots above
2026-09-18 02:25:00,771 [INFO] Priority 3 on this account: waiting 19s for the bots above
2026-09-18 02:30:00,808 [INFO] Priority 3 on this account: waiting 39s for the bots above
2026-09-18 02:35:01,407 [INFO] Priority 3 on this account: waiting 19s for the bots above
2026-09-18 02:40:01,140 [INFO] Priority 3 on this account: waiting 19s for the bots above
2026-09-18 02:45:01,047 [INFO] Priority 3 on this account: waiting 39s for the bots above
2026-09-18 02:50:00,961 [INFO] Priority 3 on this account: waiting 19s for the bots above
2026-09-18 02:55:01,085 [INFO] Priority 3 on this account: waiting 19s for the bots above
2026-09-18 03:00:01,584 [INFO] Priority 3 on this account: waiting 38s for the bots above
2026-09-18 03:05:01,168 [INFO] Priority 3 on this account: waiting 19s for the bots above
2026-09-18 03:10:01,627 [INFO] Priority 3 on this account: waiting 18s for the bots above
2026-09-18 03:15:01,337 [INFO] Priority 3 on this account: waiting 39s for the bots above
2026-09-18 03:20:01,143 [INFO] Priority 3 on this account: waiting 19s for the bots above
2026-09-18 03:25:01,326 [INFO] Priority 3 on this account: waiting 19s for the bots above
2026-09-18 03:30:01,624 [INFO] Priority 3 on this account: waiting 38s for the bots above
2026-09-18 03:35:01,596 [INFO] Priority 3 on this account: waiting 18s for the bots above
2026-09-18 03:40:01,078 [INFO] Priority 3 on this account: waiting 19s for the bots above
2026-09-18 03:45:01,231 [INFO] Priority 3 on this account: waiting 39s for the bots above
2026-09-18 03:50:01,036 [INFO] Priority 3 on this account: waiting 19s for the bots above
2026-09-18 03:55:01,267 [INFO] Priority 3 on this account: waiting 19s for the bots above
2026-09-18 04:00:00,946 [INFO] Priority 3 on this account: waiting 39s for the bots above
2026-09-18 04:05:01,049 [INFO] Priority 3 on this account: waiting 19s for the bots above
2026-09-18 04:10:00,899 [INFO] Priority 3 on this account: waiting 19s for the bots above
2026-09-18 04:15:00,779 [INFO] Priority 3 on this account: waiting 39s for the bots above
2026-09-18 04:20:00,951 [INFO] Priority 3 on this account: waiting 19s for the bots above
2026-09-18 04:25:00,777 [INFO] Priority 3 on this account: waiting 19s for the bots above
2026-09-18 04:30:00,915 [INFO] Priority 3 on this account: waiting 39s for the bots above
2026-09-18 04:35:01,229 [INFO] Priority 3 on this account: waiting 19s for the bots above
2026-09-18 04:40:00,817 [INFO] Priority 3 on this account: waiting 19s for the bots above
2026-09-18 04:45:00,974 [INFO] Priority 3 on this account: waiting 39s for the bots above
2026-09-18 04:50:00,804 [INFO] Priority 3 on this account: waiting 19s for the bots above
2026-09-18 04:55:01,064 [INFO] Priority 3 on this account: waiting 19s for the bots above
2026-09-18 05:00:00,973 [INFO] Priority 3 on this account: waiting 39s for the bots above
2026-09-18 05:05:01,297 [INFO] Priority 3 on this account: waiting 19s for the bots above
2026-09-18 05:10:01,014 [INFO] Priority 3 on this account: waiting 19s for the bots above
2026-09-18 05:15:01,002 [INFO] Priority 3 on this account: waiting 39s for the bots above
2026-09-18 05:20:00,807 [INFO] Priority 3 on this account: waiting 19s for the bots above
2026-09-18 05:25:00,898 [INFO] Priority 3 on this account: waiting 19s for the bots above
2026-09-18 05:30:01,009 [INFO] Priority 3 on this account: waiting 39s for the bots above
2026-09-18 05:35:01,263 [INFO] Priority 3 on this account: waiting 19s for the bots above
2026-09-18 05:40:01,531 [INFO] Priority 3 on this account: waiting 18s for the bots above
2026-09-18 05:45:01,261 [INFO] Priority 3 on this account: waiting 39s for the bots above
2026-09-18 05:50:01,090 [INFO] Priority 3 on this account: waiting 19s for the bots above
2026-09-18 05:55:01,134 [INFO] Priority 3 on this account: waiting 19s for the bots above
2026-09-18 06:00:01,130 [INFO] Priority 3 on this account: waiting 39s for the bots above
2026-09-18 06:05:01,186 [INFO] Priority 3 on this account: waiting 19s for the bots above
2026-09-18 06:10:01,464 [INFO] Priority 3 on this account: waiting 19s for the bots above
2026-09-18 06:15:01,155 [INFO] Priority 3 on this account: waiting 39s for the bots above
2026-09-18 06:20:00,940 [INFO] Priority 3 on this account: waiting 19s for the bots above
2026-09-18 06:25:01,364 [INFO] Priority 3 on this account: waiting 19s for the bots above
2026-09-18 06:30:01,143 [INFO] Priority 3 on this account: waiting 39s for the bots above
2026-09-18 06:35:01,054 [INFO] Priority 3 on this account: waiting 19s for the bots above
2026-09-18 06:40:01,378 [INFO] Priority 3 on this account: waiting 19s for the bots above
2026-09-18 06:45:01,373 [INFO] Priority 3 on this account: waiting 39s for the bots above
2026-09-18 06:50:01,381 [INFO] Priority 3 on this account: waiting 19s for the bots above
2026-09-18 06:55:00,957 [INFO] Priority 3 on this account: waiting 19s for the bots above
2026-09-18 07:00:01,135 [INFO] Priority 3 on this account: waiting 39s for the bots above
2026-09-18 07:05:01,181 [INFO] Priority 3 on this account: waiting 19s for the bots above
2026-09-18 07:10:01,122 [INFO] Priority 3 on this account: waiting 19s for the bots above
2026-09-18 07:15:01,165 [INFO] Priority 3 on this account: waiting 39s for the bots above
2026-09-18 07:20:01,111 [INFO] Priority 3 on this account: waiting 19s for the bots above
2026-09-18 07:25:01,370 [INFO] Priority 3 on this account: waiting 19s for the bots above
2026-09-18 07:30:00,953 [INFO] Priority 3 on this account: waiting 39s for the bots above
2026-09-18 07:35:01,249 [INFO] Priority 3 on this account: waiting 19s for the bots above
2026-09-18 07:40:01,030 [INFO] Priority 3 on this account: waiting 19s for the bots above
2026-09-18 07:45:01,001 [INFO] Priority 3 on this account: waiting 39s for the bots above
2026-09-18 07:50:01,062 [INFO] Priority 3 on this account: waiting 19s for the bots above
2026-09-18 07:55:01,011 [INFO] Priority 3 on this account: waiting 19s for the bots above
2026-09-18 08:00:00,952 [INFO] Priority 3 on this account: waiting 39s for the bots above
2026-09-18 08:05:01,306 [INFO] Priority 3 on this account: waiting 19s for the bots above
2026-09-18 08:10:01,115 [INFO] Priority 3 on this account: waiting 19s for the bots above
2026-09-18 08:15:01,425 [INFO] Priority 3 on this account: waiting 39s for the bots above
2026-09-18 08:20:01,398 [INFO] Priority 3 on this account: waiting 19s for the bots above
2026-09-18 08:25:01,287 [INFO] Priority 3 on this account: waiting 19s for the bots above
2026-09-18 08:30:01,001 [INFO] Priority 3 on this account: waiting 39s for the bots above
2026-09-18 08:35:01,145 [INFO] Priority 3 on this account: waiting 19s for the bots above
2026-09-18 08:40:01,108 [INFO] Priority 3 on this account: waiting 19s for the bots above
2026-09-18 08:45:01,140 [INFO] Priority 3 on this account: waiting 39s for the bots above
2026-09-18 08:50:01,056 [INFO] Priority 3 on this account: waiting 19s for the bots above
2026-09-18 08:55:01,015 [INFO] Priority 3 on this account: waiting 19s for the bots above
2026-09-18 09:00:00,936 [INFO] Priority 3 on this account: waiting 39s for the bots above
2026-09-18 09:05:00,978 [INFO] Priority 3 on this account: waiting 19s for the bots above
2026-09-18 09:10:01,032 [INFO] Priority 3 on this account: waiting 19s for the bots above
2026-09-18 09:15:00,997 [INFO] Priority 3 on this account: waiting 39s for the bots above
2026-09-18 09:20:01,340 [INFO] Priority 3 on this account: waiting 19s for the bots above
2026-09-18 09:25:00,853 [INFO] Priority 3 on this account: waiting 19s for the bots above
2026-09-18 09:30:01,259 [INFO] Priority 3 on this account: waiting 39s for the bots above
2026-09-18 09:35:00,816 [INFO] Priority 3 on this account: waiting 19s for the bots above
2026-09-18 09:40:01,007 [INFO] Priority 3 on this account: waiting 19s for the bots above
2026-09-18 09:45:01,266 [INFO] Priority 3 on this account: waiting 39s for the bots above
2026-09-18 09:50:01,102 [INFO] Priority 3 on this account: waiting 19s for the bots above
2026-09-18 09:55:01,242 [INFO] Priority 3 on this account: waiting 19s for the bots above
2026-09-18 10:00:00,996 [INFO] Priority 3 on this account: waiting 39s for the bots above
2026-09-18 10:05:01,396 [INFO] Priority 3 on this account: waiting 19s for the bots above
2026-09-18 10:10:00,874 [INFO] Priority 3 on this account: waiting 19s for the bots above
2026-09-18 10:15:01,187 [INFO] Priority 3 on this account: waiting 39s for the bots above
2026-09-18 10:20:00,973 [INFO] Priority 3 on this account: waiting 19s for the bots above
2026-09-18 10:25:00,969 [INFO] Priority 3 on this account: waiting 19s for the bots above
2026-09-18 10:30:00,991 [INFO] Priority 3 on this account: waiting 39s for the bots above
2026-09-18 10:35:00,998 [INFO] Priority 3 on this account: waiting 19s for the bots above
2026-09-18 10:40:00,951 [INFO] Priority 3 on this account: waiting 19s for the bots above
2026-09-18 10:45:00,980 [INFO] Priority 3 on this account: waiting 39s for the bots above
2026-09-18 10:50:00,797 [INFO] Priority 3 on this account: waiting 19s for the bots above
2026-09-18 10:55:00,884 [INFO] Priority 3 on this account: waiting 19s for the bots above
2026-09-18 11:00:01,078 [INFO] Priority 3 on this account: waiting 39s for the bots above
2026-09-18 11:05:01,139 [INFO] Priority 3 on this account: waiting 19s for the bots above
2026-09-18 11:10:01,627 [INFO] Priority 3 on this account: waiting 18s for the bots above
2026-09-18 11:15:01,132 [INFO] Priority 3 on this account: waiting 39s for the bots above
2026-09-18 11:20:01,118 [INFO] Priority 3 on this account: waiting 19s for the bots above
2026-09-18 11:25:01,118 [INFO] Priority 3 on this account: waiting 19s for the bots above
2026-09-18 11:30:01,085 [INFO] Priority 3 on this account: waiting 39s for the bots above
2026-09-18 11:35:01,122 [INFO] Priority 3 on this account: waiting 19s for the bots above
2026-09-18 11:40:01,124 [INFO] Priority 3 on this account: waiting 19s for the bots above
2026-09-18 11:45:01,146 [INFO] Priority 3 on this account: waiting 39s for the bots above
2026-09-18 11:50:01,224 [INFO] Priority 3 on this account: waiting 19s for the bots above
2026-09-18 11:55:01,167 [INFO] Priority 3 on this account: waiting 19s for the bots above
2026-09-18 12:00:01,032 [INFO] Priority 3 on this account: waiting 39s for the bots above
2026-09-18 12:05:01,285 [INFO] Priority 3 on this account: waiting 19s for the bots above
2026-09-18 12:10:01,578 [INFO] Priority 3 on this account: waiting 18s for the bots above
2026-09-18 12:15:01,316 [INFO] Priority 3 on this account: waiting 39s for the bots above
2026-09-18 12:20:01,140 [INFO] Priority 3 on this account: waiting 19s for the bots above
2026-09-18 12:25:01,451 [INFO] Priority 3 on this account: waiting 19s for the bots above
2026-09-18 12:30:01,313 [INFO] Priority 3 on this account: waiting 39s for the bots above
2026-09-18 12:35:01,259 [INFO] Priority 3 on this account: waiting 19s for the bots above
2026-09-18 12:40:01,239 [INFO] Priority 3 on this account: waiting 19s for the bots above
2026-09-18 12:45:01,085 [INFO] Priority 3 on this account: waiting 39s for the bots above
2026-09-18 12:50:01,320 [INFO] Priority 3 on this account: waiting 19s for the bots above
2026-09-18 12:55:01,082 [INFO] Priority 3 on this account: waiting 19s for the bots above
2026-09-18 13:00:01,359 [INFO] Priority 3 on this account: waiting 39s for the bots above
2026-09-18 13:05:01,270 [INFO] Priority 3 on this account: waiting 19s for the bots above
2026-09-18 13:10:01,384 [INFO] Priority 3 on this account: waiting 19s for the bots above
2026-09-18 13:15:01,221 [INFO] Priority 3 on this account: waiting 39s for the bots above
2026-09-18 13:20:01,098 [INFO] Priority 3 on this account: waiting 19s for the bots above
2026-09-18 13:25:01,224 [INFO] Priority 3 on this account: waiting 19s for the bots above
2026-09-18 13:30:01,284 [INFO] Priority 3 on this account: waiting 39s for the bots above
2026-09-18 13:35:01,595 [INFO] Priority 3 on this account: waiting 18s for the bots above
2026-09-18 13:40:01,583 [INFO] Priority 3 on this account: waiting 18s for the bots above
2026-09-18 13:45:01,792 [INFO] Priority 3 on this account: waiting 38s for the bots above
2026-09-18 13:50:01,820 [INFO] Priority 3 on this account: waiting 18s for the bots above
2026-09-18 13:55:01,699 [INFO] Priority 3 on this account: waiting 18s for the bots above
2026-09-18 14:00:01,532 [INFO] Priority 3 on this account: waiting 38s for the bots above
2026-09-18 14:05:01,437 [INFO] Priority 3 on this account: waiting 19s for the bots above
2026-09-18 14:10:01,703 [INFO] Priority 3 on this account: waiting 18s for the bots above
2026-09-18 14:15:01,585 [INFO] Priority 3 on this account: waiting 38s for the bots above
2026-09-18 14:20:01,989 [INFO] Priority 3 on this account: waiting 18s for the bots above
2026-09-18 14:25:01,553 [INFO] Priority 3 on this account: waiting 18s for the bots above
2026-09-18 14:30:01,756 [INFO] Priority 3 on this account: waiting 38s for the bots above
2026-09-18 14:35:01,442 [INFO] Priority 3 on this account: waiting 19s for the bots above
2026-09-18 14:40:01,423 [INFO] Priority 3 on this account: waiting 19s for the bots above
2026-09-18 14:45:01,493 [INFO] Priority 3 on this account: waiting 39s for the bots above
2026-09-18 14:50:01,479 [INFO] Priority 3 on this account: waiting 19s for the bots above
2026-09-18 14:55:01,960 [INFO] Priority 3 on this account: waiting 18s for the bots above
2026-09-18 15:00:01,621 [INFO] Priority 3 on this account: waiting 38s for the bots above
2026-09-18 15:05:01,698 [INFO] Priority 3 on this account: waiting 18s for the bots above
2026-09-18 15:10:01,426 [INFO] Priority 3 on this account: waiting 19s for the bots above
2026-09-18 15:15:01,806 [INFO] Priority 3 on this account: waiting 38s for the bots above
2026-09-18 15:20:01,578 [INFO] Priority 3 on this account: waiting 18s for the bots above
2026-09-18 15:25:01,543 [INFO] Priority 3 on this account: waiting 18s for the bots above
2026-09-18 15:30:01,425 [INFO] Priority 3 on this account: waiting 39s for the bots above
2026-09-18 15:35:01,471 [INFO] Priority 3 on this account: waiting 19s for the bots above
2026-09-18 15:40:01,734 [INFO] Priority 3 on this account: waiting 18s for the bots above
2026-09-18 15:45:01,446 [INFO] Priority 3 on this account: waiting 39s for the bots above
2026-09-18 15:50:01,746 [INFO] Priority 3 on this account: waiting 18s for the bots above
2026-09-18 15:55:01,315 [INFO] Priority 3 on this account: waiting 19s for the bots above
2026-09-18 16:00:01,331 [INFO] Priority 3 on this account: waiting 39s for the bots above
2026-09-18 16:05:01,154 [INFO] Priority 3 on this account: waiting 19s for the bots above
2026-09-18 16:10:01,306 [INFO] Priority 3 on this account: waiting 19s for the bots above
2026-09-18 16:15:01,153 [INFO] Priority 3 on this account: waiting 39s for the bots above
2026-09-18 16:20:01,273 [INFO] Priority 3 on this account: waiting 19s for the bots above
2026-09-18 16:25:01,175 [INFO] Priority 3 on this account: waiting 19s for the bots above
2026-09-18 16:30:01,373 [INFO] Priority 3 on this account: waiting 39s for the bots above
2026-09-18 16:30:40,019 [INFO] MIRRORING ENTRY | the strategy opened LONG at 4377.69 SL 4342.58; sending it to the broker at market
2026-09-18 16:30:40,019 [INFO] place bullish primary MARKET 0.11L SL 4342.58 TP none
2026-09-18 16:30:40,286 [INFO] ORDER FILLED | ticket=382437086 | bullish 0.11L @ 4376.59 | SL=4342.58 TP=none
2026-09-18 16:30:40,301 [INFO] MARKET ENTRY FILLED | T382437086 bullish 0.11L @ 4376.59 | SL=4342.58
2026-09-18 16:30:40,301 [INFO] POSITION OPENED | T382437086 LONG 0.11L @ 4376.59 | SL=4342.58
2026-09-18 16:35:03,229 [INFO] Priority 3 on this account: waiting 17s for the bots above
2026-09-18 16:35:20,009 [INFO] move stop T382437086 4342.58 → 4372.605
2026-09-18 16:40:01,602 [INFO] Priority 3 on this account: waiting 18s for the bots above
2026-09-18 16:45:01,361 [INFO] Priority 3 on this account: waiting 39s for the bots above
2026-09-18 16:50:01,026 [INFO] Priority 3 on this account: waiting 19s for the bots above
2026-09-18 16:55:01,123 [INFO] Priority 3 on this account: waiting 19s for the bots above
2026-09-18 17:00:01,220 [INFO] Priority 3 on this account: waiting 39s for the bots above
2026-09-18 17:05:01,186 [INFO] Priority 3 on this account: waiting 19s for the bots above
2026-09-18 17:10:01,231 [INFO] Priority 3 on this account: waiting 19s for the bots above
2026-09-18 17:15:01,263 [INFO] Priority 3 on this account: waiting 39s for the bots above
2026-09-18 17:20:01,493 [INFO] Priority 3 on this account: waiting 19s for the bots above
2026-09-18 17:25:01,155 [INFO] Priority 3 on this account: waiting 19s for the bots above
2026-09-18 17:30:01,057 [INFO] Priority 3 on this account: waiting 39s for the bots above
2026-09-18 17:35:01,342 [INFO] Priority 3 on this account: waiting 19s for the bots above
2026-09-18 17:40:01,081 [INFO] Priority 3 on this account: waiting 19s for the bots above
2026-09-18 17:45:01,148 [INFO] Priority 3 on this account: waiting 39s for the bots above
2026-09-18 17:50:00,808 [INFO] Priority 3 on this account: waiting 19s for the bots above
2026-09-18 17:55:00,966 [INFO] Priority 3 on this account: waiting 19s for the bots above
2026-09-18 18:00:01,064 [INFO] Priority 3 on this account: waiting 39s for the bots above
2026-09-18 18:05:01,068 [INFO] Priority 3 on this account: waiting 19s for the bots above
2026-09-18 18:10:01,088 [INFO] Priority 3 on this account: waiting 19s for the bots above
2026-09-18 18:15:01,009 [INFO] Priority 3 on this account: waiting 39s for the bots above
2026-09-18 18:20:01,404 [INFO] Priority 3 on this account: waiting 19s for the bots above
2026-09-18 18:25:00,890 [INFO] Priority 3 on this account: waiting 19s for the bots above
2026-09-18 18:30:01,095 [INFO] Priority 3 on this account: waiting 39s for the bots above
2026-09-18 18:35:01,101 [INFO] Priority 3 on this account: waiting 19s for the bots above
2026-09-18 18:40:00,994 [INFO] Priority 3 on this account: waiting 19s for the bots above
2026-09-18 18:45:00,965 [INFO] Priority 3 on this account: waiting 39s for the bots above
2026-09-18 18:50:01,094 [INFO] Priority 3 on this account: waiting 19s for the bots above
2026-09-18 18:55:00,956 [INFO] Priority 3 on this account: waiting 19s for the bots above
2026-09-18 19:00:00,950 [INFO] Priority 3 on this account: waiting 39s for the bots above
2026-09-18 19:05:00,902 [INFO] Priority 3 on this account: waiting 19s for the bots above
2026-09-18 19:10:01,078 [INFO] Priority 3 on this account: waiting 19s for the bots above
2026-09-18 19:15:01,214 [INFO] Priority 3 on this account: waiting 39s for the bots above
2026-09-18 19:20:01,139 [INFO] Priority 3 on this account: waiting 19s for the bots above
