2026-09-27 01:12:47,368 [ERROR] TRADING OFF: the terminal has lost its connection to the broker's server. Every order this bot sends will be refused.
2026-09-27 01:16:47,762 [INFO] Trading is allowed on this account again.
2026-09-27 16:51:38,110 [INFO] Stop requested by file — shutting down cleanly.
2026-09-27 16:51:38,110 [INFO] Stop requested — shutting down.
2026-09-27 16:51:38,110 [INFO] Cleared a stale stop.request from a previous run.
2026-09-27 16:51:38,111 [INFO] MT5 disconnected.
2026-09-27 16:51:45,925 [INFO] SOS Fade | SosFadeStrategy v319 | hash f637740fe800 | commit b12025a3 | frozen | LIVE
2026-09-27 16:51:46,444 [INFO] Connected | #700152905 | $14,862.76 | PUPrime-Demo
2026-09-27 16:51:46,444 [INFO] MT5 connection lock released
2026-09-27 16:51:46,582 [INFO] Sizing against account balance $14,862.76
2026-09-27 16:51:46,582 [INFO] Re-entry fill clock: M1 — a second bar stream beside M15.
2026-09-27 16:51:46,582 [INFO] Account risk cap: 10.0% of the live balance, across every bot on this account (this bot risks 5.0% per trade).
2026-09-27 16:51:46,582 [INFO] Setup alerts: ON — watching, entry_zone, blocked, resolved → the shared signals channel
2026-09-27 16:51:48,113 [INFO] Warmed 5000 bars (2026-07-13 10:15:00+00:00 → 2026-09-25 20:30:00+00:00) in 1.5s
2026-09-27 16:51:56,114 [INFO] Warmed the fast feed on 75000 M1 bars (2026-07-13 08:30:00+00:00 → 2026-09-25 20:55:00+00:00).
2026-09-27 16:51:56,114 [INFO] Equity re-anchored to the account after warm-up: 17,485.97 → 14,862.76
2026-09-27 16:51:56,114 [INFO] Setup threads carried across the restart: 1 — 0 closed, 1 still open.
2026-09-27 16:51:56,599 [INFO] Watching for closed M15 bars (poll 10s). Ctrl-C to stop.
2026-09-27 22:01:04,916 [WARNING] 2944 M1 bars missed on the re-entry's feed — re-warming the fast side. The primary is untouched.
2026-09-27 22:01:29,605 [INFO] Warmed the fast feed on 75000 M1 bars (2026-07-13 08:32:00+00:00 → 2026-09-27 22:00:00+00:00).
2026-09-27 22:01:29,605 [INFO] The 2944 M1 intervals were a market break, not lost bars — no alert.
2026-09-27 22:15:03,075 [WARNING] 197 bars missed — re-warming the engines rather than resuming with a hole in the stream.
2026-09-27 22:15:03,086 [INFO] Sizing against account balance $14,862.76
2026-09-27 22:15:05,556 [INFO] Warmed 5000 bars (2026-07-13 10:45:00+00:00 → 2026-09-27 22:00:00+00:00) in 2.3s
2026-09-27 22:15:19,010 [INFO] Fast feed bookmarked at 2026-09-27 22:14:59.999000+00:00 — the 15m context is already past it.
2026-09-27 22:15:19,010 [INFO] Warmed the fast feed on 75000 M1 bars (2026-07-13 08:46:00+00:00 → 2026-09-27 22:14:00+00:00).
2026-09-27 22:15:19,025 [INFO] Equity re-anchored to the account after warm-up: 17,485.97 → 14,862.76
2026-09-27 22:15:19,025 [INFO] Setup threads carried across the restart: 1 — 0 closed, 1 still open.
