2026-09-23 03:52:00,945 [INFO] Stop requested by file — shutting down cleanly.
2026-09-23 03:52:00,945 [INFO] Stop requested — shutting down.
2026-09-23 03:52:00,945 [INFO] Cleared a stale stop.request from a previous run.
2026-09-23 03:52:01,802 [INFO] MT5 disconnected.
2026-09-23 03:52:17,648 [INFO] SOS Fade | SosFadeStrategy v371 | hash 567145dbb953 | commit 0f9f93dd | frozen | LIVE
2026-09-23 03:52:20,304 [INFO] Connected | #700152905 | $15,765.48 | PUPrime-Demo
2026-09-23 03:52:20,304 [INFO] MT5 connection lock released
2026-09-23 03:52:20,507 [INFO] Sizing against account balance $15,765.48
2026-09-23 03:52:20,523 [INFO] Re-entry fill clock: M5 — a second bar stream beside M15.
2026-09-23 03:52:20,523 [INFO] Account risk cap: 10.0% of the live balance, across every bot on this account (this bot risks 5.0% per trade).
2026-09-23 03:52:20,523 [INFO] Setup alerts: ON — watching, entry_zone, blocked, resolved → the shared signals channel
2026-09-23 03:52:23,196 [INFO] Warmed 5000 bars (2026-07-08 16:15:00+00:00 → 2026-09-23 03:30:00+00:00) in 2.6s
2026-09-23 03:52:26,618 [INFO] Warmed the fast feed on 15000 M5 bars (2026-07-08 16:20:00+00:00 → 2026-09-23 03:45:00+00:00).
2026-09-23 03:52:26,618 [INFO] Equity re-anchored to the account after warm-up: 14,103.49 → 15,765.48
2026-09-23 03:52:27,368 [INFO] Watching for closed M15 bars (poll 10s). Ctrl-C to stop.
2026-09-23 17:50:08,208 [INFO] Equity re-anchored to the account flat between trades: 15,765.48 → 15,765.02
2026-09-23 22:05:05,836 [WARNING] 13 M5 bars missed on the re-entry's feed — re-warming the fast side. The primary is untouched.
2026-09-23 22:05:10,025 [INFO] Warmed the fast feed on 15000 M5 bars (2026-07-09 10:35:00+00:00 → 2026-09-23 22:00:00+00:00).
2026-09-23 22:05:10,025 [INFO] The 13 M5 intervals were a market break, not lost bars — no alert.
2026-09-23 22:15:06,609 [WARNING] 5 bars missed — re-warming the engines rather than resuming with a hole in the stream.
2026-09-23 22:15:06,609 [INFO] Sizing against account balance $15,765.02
2026-09-23 22:15:09,236 [INFO] Warmed 5000 bars (2026-07-09 10:45:00+00:00 → 2026-09-23 22:00:00+00:00) in 2.5s
2026-09-23 22:15:11,768 [INFO] Fast feed bookmarked at 2026-09-23 22:14:59.999000+00:00 — the 15m context is already past it.
2026-09-23 22:15:11,787 [INFO] Warmed the fast feed on 15000 M5 bars (2026-07-09 10:45:00+00:00 → 2026-09-23 22:10:00+00:00).
2026-09-23 22:15:11,787 [INFO] Equity re-anchored to the account after warm-up: 14,103.07 → 15,765.02
