2026-09-16 01:44:55,221 [INFO] Stop requested by file — shutting down cleanly.
2026-09-16 01:44:55,299 [INFO] Stop requested — shutting down.
2026-09-16 01:44:55,299 [INFO] Cleared a stale stop.request from a previous run.
2026-09-16 01:44:56,581 [INFO] MT5 disconnected.
2026-09-16 01:48:33,371 [WARNING] UNPINNED: this bot has no strategy_source_hash, so nothing checks what it is running. Hash 62da0f5b911c4519292ae73402c28ed1. Promote it to pin.
2026-09-16 01:48:33,371 [WARNING] NOT FROZEN: importing from the repo working tree (C:\trading), so a `git pull` or a lab edit changes what this bot trades. Promote it with `python algos/tools/promote.py --bot sos_fade_1`.
2026-09-16 01:48:33,371 [INFO] SOS Fade | SosFadeStrategy v0 | hash 62da0f5b911c | commit 59757157 | REPO | LIVE
2026-09-16 01:48:33,982 [INFO] Connected | #700152905 | $15,844.46 | PUPrime-Demo
2026-09-16 01:48:33,982 [INFO] MT5 connection lock released
2026-09-16 01:48:34,314 [INFO] Sizing against account balance $15,844.46
2026-09-16 01:48:34,345 [INFO] Re-entry fill clock: M5 — a second bar stream beside M15.
2026-09-16 01:48:34,345 [INFO] Account risk cap: 10.0% of the live balance, across every bot on this account (this bot risks 5.0% per trade).
2026-09-16 01:48:34,345 [INFO] Setup alerts: ON — watching, entry_zone, blocked, resolved → the shared signals channel
2026-09-16 01:48:38,036 [INFO] Warmed 5000 bars (2026-07-01 10:15:00+00:00 → 2026-09-16 01:30:00+00:00) in 3.6s
2026-09-16 01:48:41,621 [INFO] Fast feed bookmarked at 2026-09-16 01:44:59.999000+00:00 — the 15m context is already past it.
2026-09-16 01:48:41,621 [INFO] Warmed the fast feed on 15000 M5 bars (2026-07-01 10:15:00+00:00 → 2026-09-16 01:40:00+00:00).
2026-09-16 01:48:41,621 [INFO] Equity re-anchored to the account after warm-up: 14,391.80 → 15,844.46
2026-09-16 01:48:42,402 [INFO] Watching for closed M15 bars (poll 10s). Ctrl-C to stop.
2026-09-16 03:35:20,677 [INFO] Stop requested by file — shutting down cleanly.
2026-09-16 03:35:20,679 [INFO] Stop requested — shutting down.
2026-09-16 03:35:20,679 [INFO] Cleared a stale stop.request from a previous run.
2026-09-16 03:35:21,274 [INFO] MT5 disconnected.
2026-09-16 03:35:34,425 [INFO] SOS Fade | SosFadeStrategy v184 | hash 51d0cf61855a | commit cd11ab7d | frozen | LIVE
2026-09-16 03:35:34,981 [INFO] Connected | #700152905 | $15,844.46 | PUPrime-Demo
2026-09-16 03:35:34,981 [INFO] MT5 connection lock released
2026-09-16 03:35:35,219 [INFO] Sizing against account balance $15,844.46
2026-09-16 03:35:35,235 [INFO] Re-entry fill clock: M5 — a second bar stream beside M15.
2026-09-16 03:35:35,235 [INFO] Account risk cap: 10.0% of the live balance, across every bot on this account (this bot risks 5.0% per trade).
2026-09-16 03:35:35,251 [INFO] Setup alerts: ON — watching, entry_zone, blocked, resolved → the shared signals channel
2026-09-16 03:35:37,980 [INFO] Warmed 5000 bars (2026-07-01 12:00:00+00:00 → 2026-09-16 03:15:00+00:00) in 2.6s
2026-09-16 03:35:40,971 [INFO] Warmed the fast feed on 15000 M5 bars (2026-07-01 12:05:00+00:00 → 2026-09-16 03:30:00+00:00).
2026-09-16 03:35:40,971 [INFO] Equity re-anchored to the account after warm-up: 14,391.80 → 15,844.46
2026-09-16 03:35:41,819 [INFO] Watching for closed M15 bars (poll 10s). Ctrl-C to stop.
2026-09-16 04:23:43,048 [INFO] Stop requested by file — shutting down cleanly.
2026-09-16 04:23:43,048 [INFO] Stop requested — shutting down.
2026-09-16 04:23:43,048 [INFO] Cleared a stale stop.request from a previous run.
2026-09-16 04:23:43,716 [INFO] MT5 disconnected.
2026-09-16 04:23:53,848 [INFO] SOS Fade | SosFadeStrategy v185 | hash d416271844ad | commit ba643d42 | frozen | LIVE
2026-09-16 04:23:54,374 [INFO] Connected | #700152905 | $15,844.46 | PUPrime-Demo
2026-09-16 04:23:54,374 [INFO] MT5 connection lock released
2026-09-16 04:23:54,513 [INFO] Sizing against account balance $15,844.46
2026-09-16 04:23:54,513 [INFO] Re-entry fill clock: M5 — a second bar stream beside M15.
2026-09-16 04:23:54,513 [INFO] Account risk cap: 10.0% of the live balance, across every bot on this account (this bot risks 5.0% per trade).
2026-09-16 04:23:54,513 [INFO] Setup alerts: ON — watching, entry_zone, blocked, resolved → the shared signals channel
2026-09-16 04:23:56,641 [INFO] Warmed 5000 bars (2026-07-01 12:45:00+00:00 → 2026-09-16 04:00:00+00:00) in 2.0s
2026-09-16 04:23:59,725 [INFO] Warmed the fast feed on 15000 M5 bars (2026-07-01 12:50:00+00:00 → 2026-09-16 04:15:00+00:00).
2026-09-16 04:23:59,725 [INFO] Equity re-anchored to the account after warm-up: 14,391.80 → 15,844.46
2026-09-16 04:24:00,576 [INFO] Watching for closed M15 bars (poll 10s). Ctrl-C to stop.
2026-09-16 12:10:15,571 [ERROR] Config changed in ways that CANNOT be applied to a running bot: account_priority: None → 1. Still running the settings loaded at startup. Restart the bot to take them (the version pin and the engine warmup are re-checked on restart).
2026-09-16 12:11:09,004 [INFO] Stop requested by file — shutting down cleanly.
2026-09-16 12:11:09,004 [INFO] Stop requested — shutting down.
2026-09-16 12:11:09,004 [INFO] Cleared a stale stop.request from a previous run.
2026-09-16 12:11:09,924 [INFO] MT5 disconnected.
2026-09-16 12:11:24,925 [INFO] SOS Fade | SosFadeStrategy v192 | hash 34ac3321afae | commit 0c484eaa | frozen | LIVE
2026-09-16 12:11:25,853 [INFO] Connected | #700152905 | $15,844.46 | PUPrime-Demo
2026-09-16 12:11:25,853 [INFO] MT5 connection lock released
2026-09-16 12:11:26,119 [INFO] Sizing against account balance $15,844.46
2026-09-16 12:11:26,135 [INFO] Re-entry fill clock: M5 — a second bar stream beside M15.
2026-09-16 12:11:26,135 [INFO] Account risk cap: 10.0% of the live balance, across every bot on this account (this bot risks 5.0% per trade).
2026-09-16 12:11:26,167 [INFO] Setup alerts: ON — watching, entry_zone, blocked, resolved → the shared signals channel
2026-09-16 12:11:29,273 [INFO] Warmed 5000 bars (2026-07-01 20:30:00+00:00 → 2026-09-16 11:45:00+00:00) in 2.9s
2026-09-16 12:11:32,596 [INFO] Warmed the fast feed on 15000 M5 bars (2026-07-01 20:40:00+00:00 → 2026-09-16 12:05:00+00:00).
2026-09-16 12:11:32,596 [INFO] Equity re-anchored to the account after warm-up: 14,391.80 → 15,844.46
2026-09-16 12:11:33,331 [INFO] Watching for closed M15 bars (poll 10s). Ctrl-C to stop.
