2026-09-25 01:53:48,126 [ERROR] TRADING OFF: the broker has switched trading off for this account — it is read-only. Every order this bot sends will be refused.
2026-09-25 01:54:41,960 [INFO] Trading is allowed on this account again.
2026-09-25 02:54:05,308 [ERROR] TRADING OFF: the broker has switched trading off for this account — it is read-only. Every order this bot sends will be refused.
2026-09-25 02:54:50,489 [INFO] Trading is allowed on this account again.
2026-09-25 04:08:51,743 [INFO] Stop requested by file — shutting down cleanly.
2026-09-25 04:08:51,743 [INFO] Stop requested — shutting down.
2026-09-25 04:08:51,743 [INFO] Cleared a stale stop.request from a previous run.
2026-09-25 04:08:52,329 [INFO] MT5 disconnected.
2026-09-25 04:09:03,969 [INFO] SOS Fade | SosFadeStrategy v399 | hash d8aaefa343f2 | commit 45ca034d | frozen | LIVE
2026-09-25 04:09:04,507 [INFO] Connected | #700152905 | $14,862.76 | PUPrime-Demo
2026-09-25 04:09:04,507 [INFO] MT5 connection lock released
2026-09-25 04:09:04,734 [INFO] Sizing against account balance $14,862.76
2026-09-25 04:09:04,734 [INFO] Re-entry fill clock: M5 — a second bar stream beside M15.
2026-09-25 04:09:04,734 [INFO] Account risk cap: 10.0% of the live balance, across every bot on this account (this bot risks 5.0% per trade).
2026-09-25 04:09:04,750 [INFO] Setup alerts: ON — watching, entry_zone, blocked, resolved → the shared signals channel
2026-09-25 04:09:07,547 [INFO] Warmed 5000 bars (2026-07-10 16:30:00+00:00 → 2026-09-25 03:45:00+00:00) in 2.7s
2026-09-25 04:09:10,344 [INFO] Warmed the fast feed on 15000 M5 bars (2026-07-10 16:35:00+00:00 → 2026-09-25 04:00:00+00:00).
2026-09-25 04:09:10,344 [INFO] Equity re-anchored to the account after warm-up: 15,671.11 → 14,862.76
2026-09-25 04:09:10,969 [INFO] Watching for closed M15 bars (poll 10s). Ctrl-C to stop.
2026-09-25 16:55:03,168 [WARNING] Heartbeat write failed: [WinError 5] Access is denied: 'C:\\trading\\algos\\markets\\fx\\instances\\sos_fade_1\\bot_state.json.15096.tmp' -> 'C:\\trading\\algos\\markets\\fx\\instances\\sos_fade_1\\bot_state.json'
2026-09-25 21:28:06,018 [ERROR] TRADING OFF: the broker has switched trading off for this account — it is read-only. Every order this bot sends will be refused.
2026-09-25 21:30:26,616 [INFO] Trading is allowed on this account again.
