2026-09-21 14:45:06,939 [INFO] place bearish primary limit 0.37L @ 4369.93 SL 4391.88386 TP none
2026-09-21 14:45:07,136 [INFO] PENDING PLACED | ticket=384370386 | bearish 0.37L @ 4369.93 | SL=4391.88 TP=none
2026-09-21 18:45:10,282 [WARNING] fast bar opening at 1790016000000 arrived after the 15m context had advanced to 1790016300000. Stepping it would read a context from its own future. Re-warm the fast feed instead. — re-warming the fast feed.
2026-09-21 18:45:15,563 [INFO] Fast feed bookmarked at 2026-09-21 18:44:59.999000+00:00 — the 15m context is already past it.
2026-09-21 18:45:15,563 [INFO] Warmed the fast feed on 15000 M5 bars (2026-07-07 08:15:00+00:00 → 2026-09-21 18:40:00+00:00).
2026-09-21 20:15:04,720 [INFO] cancel bearish primary limit T384370386
2026-09-21 20:15:04,860 [INFO] PENDING CANCELLED | T384370386
2026-09-21 22:05:00,960 [WARNING] 13 M5 bars missed on the re-entry's feed — re-warming the fast side. The primary is untouched.
2026-09-21 22:05:04,101 [INFO] Warmed the fast feed on 15000 M5 bars (2026-07-07 10:35:00+00:00 → 2026-09-21 22:00:00+00:00).
2026-09-21 22:05:04,101 [INFO] The 13 M5 intervals were a market break, not lost bars — no alert.
2026-09-21 22:15:06,041 [WARNING] 5 bars missed — re-warming the engines rather than resuming with a hole in the stream.
2026-09-21 22:15:06,041 [INFO] Sizing against account balance $16,455.84
2026-09-21 22:15:08,226 [INFO] Warmed 5000 bars (2026-07-07 10:45:00+00:00 → 2026-09-21 22:00:00+00:00) in 2.1s
2026-09-21 22:15:11,194 [INFO] Fast feed bookmarked at 2026-09-21 22:14:59.999000+00:00 — the 15m context is already past it.
2026-09-21 22:15:11,194 [INFO] Warmed the fast feed on 15000 M5 bars (2026-07-07 10:45:00+00:00 → 2026-09-21 22:10:00+00:00).
2026-09-21 22:15:11,194 [INFO] Equity re-anchored to the account after warm-up: 15,129.49 → 16,455.84
2026-09-21 22:15:11,194 [INFO] Setup threads carried across the restart: 1 — 0 closed, 1 still open.
2026-09-21 22:30:03,675 [INFO] place bearish primary limit 0.37L @ 4369.93 SL 4391.88386 TP none
2026-09-21 22:30:03,816 [INFO] PENDING PLACED | ticket=384899607 | bearish 0.37L @ 4369.93 | SL=4391.88 TP=none
2026-09-21 23:45:08,936 [INFO] PRIMARY LIMIT FILLED | T384899607 — the strategy books it when its 15-minute bar closes; the fill clock leaves it alone until then.
2026-09-21 23:45:08,983 [INFO] POSITION OPENED | T384899607 SHORT 0.37L @ 4369.93 | SL=4391.88
