2026-09-30 01:26:34,716 [ERROR] Config changed in ways that CANNOT be applied to a running bot: exec_be_buf_tk: 60.0 → 35.0. Still running the settings loaded at startup. Restart the bot to take them (the version pin and the engine warmup are re-checked on restart).
2026-09-30 01:38:09,264 [INFO] Stop requested by file — shutting down cleanly.
2026-09-30 01:38:09,264 [INFO] Stop requested — shutting down.
2026-09-30 01:38:09,264 [INFO] Cleared a stale stop.request from a previous run.
2026-09-30 01:38:09,264 [INFO] MT5 disconnected.
2026-09-30 01:38:25,471 [INFO] SOS Fade | SosFadeStrategy v333 | hash c075a5f52d94 | commit 54ea4c6b | frozen | LIVE
2026-09-30 01:38:26,034 [INFO] Connected | #34957946 | $10,287.06 | PUPrime-Live
2026-09-30 01:38:26,049 [INFO] MT5 connection lock released
2026-09-30 01:38:26,409 [INFO] Sizing against account balance $10,287.06
2026-09-30 01:38:26,424 [INFO] Re-entry fill clock: M1 — a second bar stream beside M15.
2026-09-30 01:38:26,424 [INFO] Account risk cap: 10.0% of the live balance, across every bot on this account (this bot risks 5.0% per trade).
2026-09-30 01:38:26,440 [INFO] Setup alerts: ON — watching, entry_zone, blocked, resolved → account 34957946's own signals channel -1003332727688
2026-09-30 01:38:30,972 [INFO] Warmed 5000 bars (2026-07-15 14:00:00+00:00 → 2026-09-30 01:15:00+00:00) in 4.4s
2026-09-30 01:39:06,364 [INFO] Warmed the fast feed on 75000 M1 bars (2026-07-15 12:09:00+00:00 → 2026-09-30 01:37:00+00:00).
2026-09-30 01:39:06,364 [INFO] Equity re-anchored to the account after warm-up: 12,103.90 → 10,287.06
2026-09-30 01:39:07,864 [INFO] Watching for closed M15 bars (poll 10s). Ctrl-C to stop.
2026-09-30 03:11:57,155 [INFO] Stop requested by file — shutting down cleanly.
2026-09-30 03:11:57,155 [INFO] Stop requested — shutting down.
2026-09-30 03:11:57,155 [INFO] Cleared a stale stop.request from a previous run.
2026-09-30 03:11:57,155 [INFO] MT5 disconnected.
2026-09-30 03:12:20,586 [INFO] SOS Fade | SosFadeStrategy v335 | hash 3660ac0c3430 | commit 5d2b07cf | frozen | LIVE
2026-09-30 03:12:21,181 [INFO] Connected | #34957946 | $10,287.06 | PUPrime-Live
2026-09-30 03:12:21,196 [INFO] MT5 connection lock released
2026-09-30 03:12:21,571 [INFO] Sizing against account balance $10,287.06
2026-09-30 03:12:21,571 [INFO] Re-entry fill clock: M1 — a second bar stream beside M15.
2026-09-30 03:12:21,571 [INFO] Account risk cap: 10.0% of the live balance, across every bot on this account (this bot risks 5.0% per trade).
2026-09-30 03:12:21,587 [INFO] Setup alerts: ON — watching, entry_zone, blocked, resolved → account 34957946's own signals channel -1003332727688
2026-09-30 03:12:24,056 [INFO] Warmed 5000 bars (2026-07-15 15:30:00+00:00 → 2026-09-30 02:45:00+00:00) in 2.4s
2026-09-30 03:12:39,933 [INFO] Warmed the fast feed on 75000 M1 bars (2026-07-15 13:43:00+00:00 → 2026-09-30 03:11:00+00:00).
2026-09-30 03:12:39,933 [INFO] Equity re-anchored to the account after warm-up: 12,103.90 → 10,287.06
2026-09-30 03:12:40,636 [INFO] Watching for closed M15 bars (poll 10s). Ctrl-C to stop.
2026-09-30 14:30:04,435 [INFO] place bearish primary limit 0.28L @ 4195.71 SL 4213.6698 TP none
2026-09-30 14:30:04,529 [INFO] PENDING PLACED | ticket=368731571 | bearish 0.28L @ 4195.71 | SL=4213.67 TP=none
2026-09-30 14:45:04,839 [INFO] re-size bearish primary limit T368731571
2026-09-30 14:45:04,917 [INFO] PENDING CANCELLED | T368731571
2026-09-30 14:45:04,917 [INFO] place bearish primary limit 0.29L @ 4195.71 SL 4213.03596 TP none
2026-09-30 14:45:05,016 [INFO] PENDING PLACED | ticket=368742591 | bearish 0.29L @ 4195.71 | SL=4213.04 TP=none
2026-09-30 15:15:00,704 [INFO] re-size bearish primary limit T368742591
2026-09-30 15:15:00,812 [INFO] PENDING CANCELLED | T368742591
2026-09-30 15:15:00,812 [INFO] place bearish primary limit 0.3L @ 4195.71 SL 4212.34854 TP none
2026-09-30 15:15:00,891 [INFO] PENDING PLACED | ticket=368760669 | bearish 0.3L @ 4195.71 | SL=4212.35 TP=none
2026-09-30 15:30:08,530 [INFO] re-size bearish primary limit T368760669
2026-09-30 15:30:08,624 [INFO] PENDING CANCELLED | T368760669
2026-09-30 15:30:08,624 [INFO] place bearish primary limit 0.28L @ 4193.32164 SL 4211.54028 TP none
2026-09-30 15:30:08,718 [INFO] PENDING PLACED | ticket=368769427 | bearish 0.28L @ 4193.32 | SL=4211.54 TP=none
2026-09-30 16:54:08,342 [INFO] Stop requested by file — shutting down cleanly.
2026-09-30 16:54:08,342 [INFO] Stop requested — shutting down.
2026-09-30 16:54:08,342 [INFO] Cleared a stale stop.request from a previous run.
2026-09-30 16:54:08,342 [INFO] MT5 disconnected.
2026-09-30 16:54:22,079 [INFO] SOS Fade | SosFadeStrategy v337 | hash e22a0d691baa | commit 5093e06f | frozen | LIVE
2026-09-30 16:54:22,611 [INFO] Connected | #34957946 | $10,287.06 | PUPrime-Live
2026-09-30 16:54:22,611 [INFO] MT5 connection lock released
2026-09-30 16:54:22,830 [INFO] Sizing against account balance $10,287.06
2026-09-30 16:54:22,845 [INFO] Re-entry fill clock: M1 — a second bar stream beside M15.
2026-09-30 16:54:22,845 [INFO] Account risk cap: 10.0% of the live balance, across every bot on this account (this bot risks 5.0% per trade).
2026-09-30 16:54:22,845 [INFO] Setup alerts: ON — watching, entry_zone, blocked, resolved → account 34957946's own signals channel -1003332727688
2026-09-30 16:54:22,845 [INFO] Cancelling stale pending order T368769427 from a previous run
2026-09-30 16:54:22,845 [INFO] cancel stale pending T368769427
2026-09-30 16:54:22,923 [INFO] PENDING CANCELLED | T368769427
2026-09-30 16:54:25,598 [INFO] Warmed 5000 bars (2026-07-16 06:15:00+00:00 → 2026-09-30 16:30:00+00:00) in 2.6s
2026-09-30 16:54:43,879 [INFO] Warmed the fast feed on 75000 M1 bars (2026-07-16 04:27:00+00:00 → 2026-09-30 16:53:00+00:00).
2026-09-30 16:54:43,879 [INFO] Equity re-anchored to the account after warm-up: 12,103.90 → 10,287.06
2026-09-30 16:54:43,894 [INFO] Setup threads carried across the restart: 1 — 0 closed, 1 still open.
2026-09-30 16:54:44,659 [INFO] Watching for closed M15 bars (poll 10s). Ctrl-C to stop.
2026-09-30 17:00:06,245 [INFO] place bearish primary limit 0.28L @ 4193.32164 SL 4211.54028 TP none
2026-09-30 17:00:06,338 [INFO] PENDING PLACED | ticket=368796347 | bearish 0.28L @ 4193.32 | SL=4211.54 TP=none
2026-09-30 17:15:00,854 [INFO] re-size bearish primary limit T368796347
2026-09-30 17:15:00,932 [INFO] PENDING CANCELLED | T368796347
2026-09-30 17:15:00,932 [INFO] place bearish primary limit 0.19L @ 4185.21 SL 4211.51064 TP none
2026-09-30 17:15:01,011 [INFO] PENDING PLACED | ticket=368800177 | bearish 0.19L @ 4185.21 | SL=4211.51 TP=none
2026-09-30 17:30:06,534 [INFO] move bearish primary limit T368800177 → 4185.21 SL 4211.39322
2026-09-30 17:30:06,612 [INFO] PENDING MOVED | T368800177 → 4185.21 SL=4211.39
2026-09-30 18:00:05,943 [INFO] move bearish primary limit T368800177 → 4185.21 SL 4211.1105
2026-09-30 18:00:06,022 [INFO] PENDING MOVED | T368800177 → 4185.21 SL=4211.11
2026-09-30 19:26:00,986 [INFO] Stop requested by file — shutting down cleanly.
2026-09-30 19:26:00,986 [INFO] Stop requested — shutting down.
2026-09-30 19:26:00,986 [INFO] Cleared a stale stop.request from a previous run.
2026-09-30 19:26:00,994 [INFO] MT5 disconnected.
2026-09-30 19:26:11,839 [INFO] SOS Fade | SosFadeStrategy v339 | hash 508da401e735 | commit 811f7486 | frozen | LIVE
2026-09-30 19:26:12,387 [INFO] Connected | #34957946 | $10,287.06 | PUPrime-Live
2026-09-30 19:26:12,387 [INFO] MT5 connection lock released
2026-09-30 19:26:12,746 [INFO] Sizing against account balance $10,287.06
2026-09-30 19:26:12,746 [INFO] Re-entry fill clock: M1 — a second bar stream beside M15.
2026-09-30 19:26:12,746 [INFO] Account risk cap: 10.0% of the live balance, across every bot on this account (this bot risks 5.0% per trade).
2026-09-30 19:26:12,746 [INFO] Setup alerts: ON — watching, entry_zone, blocked, resolved → account 34957946's own signals channel -1003332727688
2026-09-30 19:26:12,762 [INFO] Cancelling stale pending order T368800177 from a previous run
2026-09-30 19:26:12,762 [INFO] cancel stale pending T368800177
2026-09-30 19:26:12,840 [INFO] PENDING CANCELLED | T368800177
2026-09-30 19:26:15,246 [INFO] Warmed 5000 bars (2026-07-16 08:45:00+00:00 → 2026-09-30 19:00:00+00:00) in 2.3s
2026-09-30 19:26:32,943 [INFO] Warmed the fast feed on 75000 M1 bars (2026-07-16 06:59:00+00:00 → 2026-09-30 19:25:00+00:00).
2026-09-30 19:26:32,961 [INFO] Equity re-anchored to the account after warm-up: 12,103.90 → 10,287.06
2026-09-30 19:26:32,977 [INFO] Setup threads carried across the restart: 1 — 0 closed, 1 still open.
2026-09-30 19:26:33,755 [INFO] Watching for closed M15 bars (poll 10s). Ctrl-C to stop.
2026-09-30 19:30:04,683 [INFO] place bearish primary limit 0.19L @ 4185.21 SL 4211.1105 TP none
2026-09-30 19:30:04,761 [INFO] PENDING PLACED | ticket=368823665 | bearish 0.19L @ 4185.21 | SL=4211.11 TP=none
2026-09-30 20:15:02,354 [INFO] cancel bearish primary limit T368823665
2026-09-30 20:15:02,433 [INFO] PENDING CANCELLED | T368823665
2026-09-30 22:01:07,413 [WARNING] 63 M1 bars missed on the re-entry's feed — re-warming the fast side. The primary is untouched.
2026-09-30 22:01:23,322 [INFO] Warmed the fast feed on 75000 M1 bars (2026-07-16 08:32:00+00:00 → 2026-09-30 22:00:00+00:00).
2026-09-30 22:01:23,322 [INFO] The 63 M1 intervals were a market break, not lost bars — no alert.
2026-09-30 22:15:05,383 [WARNING] 5 bars missed — re-warming the engines rather than resuming with a hole in the stream.
2026-09-30 22:15:05,383 [INFO] Sizing against account balance $10,287.06
2026-09-30 22:15:07,126 [INFO] Warmed 5000 bars (2026-07-16 10:45:00+00:00 → 2026-09-30 22:00:00+00:00) in 1.7s
2026-09-30 22:15:19,016 [INFO] Fast feed bookmarked at 2026-09-30 22:14:59.999000+00:00 — the 15m context is already past it.
2026-09-30 22:15:19,016 [INFO] Warmed the fast feed on 75000 M1 bars (2026-07-16 08:46:00+00:00 → 2026-09-30 22:14:00+00:00).
2026-09-30 22:15:19,016 [INFO] Equity re-anchored to the account after warm-up: 11,769.55 → 10,287.06
2026-09-30 22:15:19,032 [INFO] Setup threads carried across the restart: 1 — 0 closed, 1 still open.
2026-09-30 22:30:00,968 [INFO] place bearish primary limit 0.19L @ 4185.21 SL 4211.1105 TP none
2026-09-30 22:30:01,046 [INFO] PENDING PLACED | ticket=368839871 | bearish 0.19L @ 4185.21 | SL=4211.11 TP=none
