2026-09-09 01:00:10,258 [INFO] Sizing basis 10,020.36 = broker balance 14,538.59 - 4,518.23 stated adjustment
2026-09-09 01:00:11,448 [INFO] Equity re-anchored to the account flat between trades: 10,020.65 → 10,020.36
2026-09-09 02:50:39,630 [INFO] Stop requested by file — shutting down cleanly.
2026-09-09 02:50:39,918 [INFO] Stop requested — shutting down.
2026-09-09 02:50:39,941 [INFO] Cleared a stale stop.request from a previous run.
2026-09-09 02:50:41,251 [INFO] MT5 disconnected.
2026-09-09 02:51:08,344 [INFO] SOS Fade | SosFadeStrategy v199 | hash e7ab6036770e | commit 09672f09 | frozen | LIVE
2026-09-09 02:51:09,087 [INFO] Connected | #700152905 | $14,538.59 | PUPrime-Demo
2026-09-09 02:51:09,089 [INFO] MT5 connection lock released
2026-09-09 02:51:10,003 [INFO] Sizing basis 10,020.36 = broker balance 14,538.59 - 4,518.23 stated adjustment
2026-09-09 02:51:10,006 [INFO] Sizing against account balance $10,020.36
2026-09-09 02:51:10,028 [INFO] Re-entry fill clock: M5 — a second bar stream beside M15.
2026-09-09 02:51:10,028 [INFO] Account risk cap: 10.0% of the live balance, across every bot on this account (this bot risks 5.0% per trade).
2026-09-09 02:51:10,042 [INFO] Setup alerts: ON — watching, entry_zone, blocked, resolved → the shared telegram_signal_chat
2026-09-09 02:51:14,703 [INFO] Warmed 5000 bars (2026-06-24 11:15:00+00:00 → 2026-09-09 02:30:00+00:00) in 4.5s
2026-09-09 02:51:20,408 [INFO] Warmed the fast feed on 15000 M5 bars (2026-06-24 11:20:00+00:00 → 2026-09-09 02:45:00+00:00).
2026-09-09 02:51:20,418 [INFO] Equity re-anchored to the account after warm-up: 10,442.35 → 10,020.36
2026-09-09 02:51:21,822 [INFO] Watching for closed M15 bars (poll 10s). Ctrl-C to stop.
2026-09-09 07:14:08,708 [INFO] Sizing basis 11,326.23 = broker balance 15,844.46 - 4,518.23 stated adjustment
2026-09-09 07:14:08,791 [INFO] Equity re-anchored to the account flat between trades: 10,020.36 → 11,326.23
2026-09-09 12:19:32,991 [INFO] Stop requested by file — shutting down cleanly.
2026-09-09 12:19:33,019 [INFO] Stop requested — shutting down.
2026-09-09 12:19:33,024 [INFO] Cleared a stale stop.request from a previous run.
2026-09-09 12:19:35,113 [INFO] MT5 disconnected.
