2026-09-02 15:00:12,280 [INFO] place LONG limit 0.47L @ 4316.865760000001 SL 4295.68368
2026-09-02 15:00:13,048 [INFO] PENDING PLACED | ticket=360600748 | bullish 0.47L @ 4316.87 | SL=4295.68
2026-09-02 16:05:04,539 [INFO] Stop requested by file — shutting down cleanly.
2026-09-02 16:05:04,608 [INFO] Stop requested — shutting down.
2026-09-02 16:05:04,608 [INFO] Cleared a stale stop.request from a previous run.
2026-09-02 16:05:08,515 [INFO] MT5 disconnected.
2026-09-02 16:05:31,421 [INFO] MPC SOS Fade | MpcSosFadeStrategy v277 | hash 94a1b9c550bb | commit de9ecafa | frozen | LIVE
2026-09-02 16:05:32,234 [INFO] Connected | #700152905 | $14,538.88 | PUPrime-Demo
2026-09-02 16:05:32,241 [INFO] MT5 connection lock released
2026-09-02 16:05:32,823 [INFO] Sizing basis 10,020.65 = broker balance 14,538.88 - 4,518.23 stated adjustment
2026-09-02 16:05:32,824 [INFO] Sizing against account balance $10,020.65
2026-09-02 16:05:32,826 [INFO] Account risk cap: 10.0% of the live balance, across every bot on this account (this bot risks 10.0% per trade).
2026-09-02 16:05:32,830 [INFO] Setup alerts: ON — watching, entry_zone, blocked, resolved → the shared telegram_signal_chat
2026-09-02 16:05:32,831 [INFO] Cancelling stale pending order T360600748 from a previous run
2026-09-02 16:05:32,831 [INFO] cancel stale pending T360600748
2026-09-02 16:05:32,925 [INFO] PENDING CANCELLED | T360600748
2026-09-02 16:05:38,250 [INFO] Warmed 5000 bars (2026-06-18 00:00:00+00:00 → 2026-09-02 15:45:00+00:00) in 5.2s
2026-09-02 16:05:38,261 [INFO] Equity re-anchored to the account after warm-up: 10,925.03 → 10,020.65
2026-09-02 16:05:39,717 [INFO] Watching for closed M15 bars (poll 10s). Ctrl-C to stop.
2026-09-02 16:07:30,928 [INFO] Close requested (probe-after-deploy) — nothing open to close.
2026-09-02 16:15:08,363 [INFO] place LONG limit 0.47L @ 4316.865760000001 SL 4295.68368
2026-09-02 16:15:08,454 [INFO] PENDING PLACED | ticket=360702468 | bullish 0.47L @ 4316.87 | SL=4295.68
2026-09-02 19:20:12,205 [ERROR] Config changed in ways that CANNOT be applied to a running bot: exec_secondary: False → True, exec_sec_tp1_pct: 50.0 → 0.0. Still running the settings loaded at startup. Restart the bot to take them (the version pin and the engine warmup are re-checked on restart).
2026-09-02 19:35:58,941 [INFO] Stop requested by file — shutting down cleanly.
2026-09-02 19:35:58,946 [INFO] Stop requested — shutting down.
2026-09-02 19:35:58,948 [INFO] Cleared a stale stop.request from a previous run.
2026-09-02 19:35:59,900 [INFO] MT5 disconnected.
2026-09-02 19:36:13,466 [INFO] MPC SOS Fade | MpcSosFadeStrategy v277 | hash 94a1b9c550bb | commit f49c7291 | frozen | LIVE
2026-09-02 19:36:14,104 [INFO] Connected | #700152905 | $14,538.88 | PUPrime-Demo
2026-09-02 19:36:14,111 [INFO] MT5 connection lock released
2026-09-02 19:36:14,584 [INFO] Sizing basis 10,020.65 = broker balance 14,538.88 - 4,518.23 stated adjustment
2026-09-02 19:36:14,584 [INFO] Sizing against account balance $10,020.65
2026-09-02 19:36:14,615 [INFO] Re-entry fill clock: M5 — a second bar stream beside M15.
2026-09-02 19:36:14,615 [INFO] Account risk cap: 10.0% of the live balance, across every bot on this account (this bot risks 10.0% per trade).
2026-09-02 19:36:14,618 [INFO] Setup alerts: ON — watching, entry_zone, blocked, resolved → the shared telegram_signal_chat
2026-09-02 19:36:14,619 [INFO] Cancelling stale pending order T360702468 from a previous run
2026-09-02 19:36:14,619 [INFO] cancel stale pending T360702468
2026-09-02 19:36:14,703 [INFO] PENDING CANCELLED | T360702468
2026-09-02 19:36:17,226 [INFO] Warmed 5000 bars (2026-06-18 03:30:00+00:00 → 2026-09-02 19:15:00+00:00) in 2.4s
2026-09-02 19:36:21,819 [INFO] Warmed the fast feed on 15000 M5 bars (2026-06-18 03:35:00+00:00 → 2026-09-02 19:30:00+00:00).
2026-09-02 19:36:21,823 [INFO] Equity re-anchored to the account after warm-up: 10,925.03 → 10,020.65
2026-09-02 19:36:22,818 [INFO] Watching for closed M15 bars (poll 10s). Ctrl-C to stop.
2026-09-02 19:45:08,060 [INFO] place bullish primary limit 0.47L @ 4316.865760000001 SL 4295.68368
2026-09-02 19:45:08,139 [INFO] PENDING PLACED | ticket=360933755 | bullish 0.47L @ 4316.87 | SL=4295.68
2026-09-02 20:15:02,513 [INFO] cancel bullish primary limit T360933755
2026-09-02 20:15:02,655 [INFO] PENDING CANCELLED | T360933755
2026-09-02 22:05:09,954 [WARNING] 13 M5 bars missed on the re-entry's feed — re-warming the fast side. The primary is untouched.
2026-09-02 22:05:12,028 [INFO] Warmed the fast feed on 15000 M5 bars (2026-06-18 05:05:00+00:00 → 2026-09-02 22:00:00+00:00).
2026-09-02 22:05:22,517 [INFO] The re-entry's feed is delivering again.
2026-09-02 22:15:03,705 [WARNING] 5 bars missed — re-warming the engines rather than resuming with a hole in the stream.
2026-09-02 22:15:03,706 [INFO] Sizing against account balance $10,020.65
2026-09-02 22:15:05,506 [INFO] Warmed 5000 bars (2026-06-18 05:15:00+00:00 → 2026-09-02 22:00:00+00:00) in 1.7s
2026-09-02 22:15:07,338 [INFO] Fast feed bookmarked at 2026-09-02 22:14:59.999000+00:00 — the 15m context is already past it.
2026-09-02 22:15:07,339 [INFO] Warmed the fast feed on 15000 M5 bars (2026-06-18 05:15:00+00:00 → 2026-09-02 22:10:00+00:00).
2026-09-02 22:15:07,340 [INFO] Equity re-anchored to the account after warm-up: 10,925.03 → 10,020.65
