2026-08-28 04:28:07,859 [INFO] Stop requested by file — shutting down cleanly.
2026-08-28 04:28:07,892 [INFO] Stop requested — shutting down.
2026-08-28 04:28:07,895 [INFO] Cleared a stale stop.request from a previous run.
2026-08-28 04:28:08,800 [INFO] MT5 disconnected.
2026-08-28 04:28:18,223 [INFO] MPC SOS Fade | MpcSosFadeStrategy v263 | hash 46565639b94d | commit 17965f7a | frozen | LIVE
2026-08-28 04:28:18,754 [INFO] Connected | #700152905 | $14,538.88 | PUPrime-Demo
2026-08-28 04:28:18,755 [INFO] MT5 connection lock released
2026-08-28 04:28:18,914 [INFO] Sizing basis 10,020.65 = broker balance 14,538.88 - 4,518.23 stated adjustment
2026-08-28 04:28:18,915 [INFO] Sizing against account balance $10,020.65
2026-08-28 04:28:18,917 [INFO] Account risk cap: 10.0% of the live balance, across every bot on this account (this bot risks 10.0% per trade).
2026-08-28 04:28:18,922 [INFO] Setup alerts: ON — watching, entry_zone, blocked, resolved → the shared telegram_signal_chat
2026-08-28 04:28:21,989 [INFO] Warmed 5000 bars (2026-06-12 11:15:00+00:00 → 2026-08-28 04:00:00+00:00) in 3.0s
2026-08-28 04:28:21,991 [INFO] Equity re-anchored to the account after warm-up: 13,773.74 → 10,020.65
2026-08-28 04:28:22,659 [INFO] Watching for closed M15 bars (poll 10s). Ctrl-C to stop.
2026-08-28 04:55:56,896 [INFO] Stop requested by file — shutting down cleanly.
2026-08-28 04:55:56,897 [INFO] Stop requested — shutting down.
2026-08-28 04:55:56,898 [INFO] Cleared a stale stop.request from a previous run.
2026-08-28 04:55:57,591 [INFO] MT5 disconnected.
2026-08-28 04:56:08,775 [INFO] MPC SOS Fade | MpcSosFadeStrategy v264 | hash 0d3f9aeb3a69 | commit 365e3838 | frozen | LIVE
2026-08-28 04:56:09,319 [INFO] Connected | #700152905 | $14,538.88 | PUPrime-Demo
2026-08-28 04:56:09,363 [INFO] MT5 connection lock released
2026-08-28 04:56:09,845 [INFO] Sizing basis 10,020.65 = broker balance 14,538.88 - 4,518.23 stated adjustment
2026-08-28 04:56:09,846 [INFO] Sizing against account balance $10,020.65
2026-08-28 04:56:09,847 [INFO] Account risk cap: 10.0% of the live balance, across every bot on this account (this bot risks 10.0% per trade).
2026-08-28 04:56:09,850 [INFO] Setup alerts: ON — watching, entry_zone, blocked, resolved → the shared telegram_signal_chat
2026-08-28 04:56:13,475 [INFO] Warmed 5000 bars (2026-06-12 11:45:00+00:00 → 2026-08-28 04:30:00+00:00) in 3.5s
2026-08-28 04:56:13,477 [INFO] Equity re-anchored to the account after warm-up: 13,773.74 → 10,020.65
2026-08-28 04:56:14,573 [INFO] Watching for closed M15 bars (poll 10s). Ctrl-C to stop.
2026-08-28 04:59:15,536 [ERROR] Config changed in ways that CANNOT be applied to a running bot: exec_secondary: False → True, exec_rec_tp_r: 3.0 → 3.25, exec_sec_trigger: 'FVG in zone' → 'Reclaim Entry'. Still running the settings loaded at startup. Restart the bot to take them (the version pin and the engine warmup are re-checked on restart).
2026-08-28 05:00:07,280 [INFO] Stop requested by file — shutting down cleanly.
2026-08-28 05:00:07,368 [INFO] Stop requested — shutting down.
2026-08-28 05:00:07,401 [INFO] Cleared a stale stop.request from a previous run.
2026-08-28 05:00:08,983 [INFO] MT5 disconnected.
2026-08-28 05:00:49,116 [INFO] MPC SOS Fade | MpcSosFadeStrategy v264 | hash 0d3f9aeb3a69 | commit 549f9b07 | frozen | LIVE
2026-08-28 05:00:49,727 [INFO] Connected | #700152905 | $14,538.88 | PUPrime-Demo
2026-08-28 05:00:49,730 [INFO] MT5 connection lock released
2026-08-28 05:00:50,375 [ERROR] Startup failed: exec_secondary needs a 1-minute bar stream alongside the 15m one (run_dual). The live runner drives a single timeframe. Turn it off, or build the dual feed.
Traceback (most recent call last):
  File "C:\trading\algos\live\runner.py", line 986, in _run
    self.strategy, scfg = self._build_strategy()
                          ^^^^^^^^^^^^^^^^^^^^^^
  File "C:\trading\algos\live\runner.py", line 373, in _build_strategy
    assert_supported(scfg)
  File "C:\trading\algos\live\bridge.py", line 108, in assert_supported
    raise UnsupportedStrategyConfig(
bridge.UnsupportedStrategyConfig: exec_secondary needs a 1-minute bar stream alongside the 15m one (run_dual). The live runner drives a single timeframe. Turn it off, or build the dual feed.

2026-08-28 05:03:46,908 [INFO] MPC SOS Fade | MpcSosFadeStrategy v264 | hash 0d3f9aeb3a69 | commit dd5d45ce | frozen | LIVE
2026-08-28 05:03:47,435 [INFO] Connected | #700152905 | $14,538.88 | PUPrime-Demo
2026-08-28 05:03:47,436 [INFO] MT5 connection lock released
2026-08-28 05:03:47,604 [INFO] Sizing basis 10,020.65 = broker balance 14,538.88 - 4,518.23 stated adjustment
2026-08-28 05:03:47,605 [INFO] Sizing against account balance $10,020.65
2026-08-28 05:03:47,606 [INFO] Account risk cap: 10.0% of the live balance, across every bot on this account (this bot risks 10.0% per trade).
2026-08-28 05:03:47,610 [INFO] Setup alerts: ON — watching, entry_zone, blocked, resolved → the shared telegram_signal_chat
2026-08-28 05:03:51,668 [INFO] Warmed 5000 bars (2026-06-12 12:00:00+00:00 → 2026-08-28 04:45:00+00:00) in 4.0s
2026-08-28 05:03:51,670 [INFO] Equity re-anchored to the account after warm-up: 13,773.74 → 10,020.65
2026-08-28 05:03:52,524 [INFO] Watching for closed M15 bars (poll 10s). Ctrl-C to stop.
