2026-08-14 12:00:12,404 [INFO] place LONG limit 1.71L @ 4323.55118 SL 4317.71418
2026-08-14 12:00:12,515 [INFO] PENDING PLACED | ticket=329575663 | bullish 1.71L @ 4323.55 | SL=4317.71
2026-08-14 12:15:06,344 [INFO] re-size LONG limit T329575663
2026-08-14 12:15:06,428 [INFO] PENDING CANCELLED | T329575663
2026-08-14 12:15:06,430 [INFO] place LONG limit 0.82L @ 4330.6296600000005 SL 4318.546380000001
2026-08-14 12:15:06,525 [INFO] PENDING PLACED | ticket=329598986 | bullish 0.82L @ 4330.63 | SL=4318.55
2026-08-14 12:30:04,003 [INFO] re-size LONG limit T329598986
2026-08-14 12:30:04,226 [INFO] PENDING CANCELLED | T329598986
2026-08-14 12:30:04,334 [INFO] place LONG limit 0.78L @ 4331.809740000001 SL 4318.9978200000005
2026-08-14 12:30:04,452 [INFO] PENDING PLACED | ticket=329617772 | bullish 0.78L @ 4331.81 | SL=4319.00
2026-08-14 12:45:03,948 [INFO] re-size LONG limit T329617772
2026-08-14 12:45:04,071 [INFO] PENDING CANCELLED | T329617772
2026-08-14 12:45:04,091 [INFO] place LONG limit 0.71L @ 4333.6633 SL 4319.7069
2026-08-14 12:45:04,201 [INFO] PENDING PLACED | ticket=329645136 | bullish 0.71L @ 4333.66 | SL=4319.71
2026-08-14 13:45:05,857 [INFO] re-size LONG limit T329645136
2026-08-14 13:45:05,948 [INFO] PENDING CANCELLED | T329645136
2026-08-14 13:45:05,952 [INFO] place LONG limit 0.63L @ 4336.6731 SL 4320.858300000001
2026-08-14 13:45:06,033 [INFO] PENDING PLACED | ticket=329737006 | bullish 0.63L @ 4336.67 | SL=4320.86
2026-08-14 16:21:05,944 [INFO] Stop requested by file — shutting down cleanly.
2026-08-14 16:21:06,342 [INFO] Stop requested — shutting down.
2026-08-14 16:21:06,419 [INFO] Cleared a stale stop.request from a previous run.
2026-08-14 16:21:09,155 [INFO] MT5 disconnected.
2026-08-14 16:21:24,479 [INFO] MPC SOS Fade | MpcSosFadeStrategy v0 | hash e4137dbbeab9 | commit 1bc3297 | frozen | LIVE
2026-08-14 16:21:25,053 [INFO] Connected | #700152905 | $9,996.99 | PUPrime-Demo
2026-08-14 16:21:25,054 [INFO] MT5 connection lock released
2026-08-14 16:21:25,371 [INFO] Sizing against account balance $9,996.99
2026-08-14 16:21:25,372 [INFO] Account risk cap: 10.0% of the live balance, across every bot on this account (this bot risks 10.0% per trade).
2026-08-14 16:21:25,377 [INFO] Setup alerts: ON — watching, entry_zone, blocked, resolved → the shared telegram_signal_chat
2026-08-14 16:21:25,379 [INFO] Cancelling stale pending order T329737006 from a previous run
2026-08-14 16:21:25,380 [INFO] cancel stale pending T329737006
2026-08-14 16:21:25,464 [INFO] PENDING CANCELLED | T329737006
2026-08-14 16:21:30,938 [INFO] Warmed 5000 bars (2026-06-01 00:15:00+00:00 → 2026-08-14 16:00:00+00:00) in 5.4s
2026-08-14 16:21:30,940 [INFO] Equity re-anchored to the account after warm-up: 19,900.22 → 9,996.99
2026-08-14 16:21:32,171 [INFO] Watching for closed M15 bars (poll 10s). Ctrl-C to stop.
2026-08-14 16:30:05,959 [INFO] place LONG limit 0.63L @ 4336.6731 SL 4320.858300000001
2026-08-14 16:30:06,050 [INFO] PENDING PLACED | ticket=329926408 | bullish 0.63L @ 4336.67 | SL=4320.86
