2026-08-07 06:15:04,872 [ERROR] HALTED: The strategy believes it is in a position but MT5 has none. Its resting limit filled in the emulator and not at the broker (or the position was closed outside the bot). Every later decision would be computed against a trade that does not exist.
2026-08-07 06:15:06,605 [ERROR] Bridge halted — the loop will keep observing but place nothing.
2026-08-07 06:30:08,784 [ERROR] Bridge halted — the loop will keep observing but place nothing.
2026-08-07 06:45:00,806 [ERROR] Bridge halted — the loop will keep observing but place nothing.
2026-08-07 07:00:02,718 [ERROR] Bridge halted — the loop will keep observing but place nothing.
2026-08-07 07:15:04,946 [ERROR] Bridge halted — the loop will keep observing but place nothing.
2026-08-07 07:30:06,693 [ERROR] Bridge halted — the loop will keep observing but place nothing.
2026-08-07 07:45:08,274 [ERROR] Bridge halted — the loop will keep observing but place nothing.
2026-08-07 08:00:09,892 [ERROR] Bridge halted — the loop will keep observing but place nothing.
2026-08-07 08:15:02,073 [ERROR] Bridge halted — the loop will keep observing but place nothing.
2026-08-07 08:30:03,977 [ERROR] Bridge halted — the loop will keep observing but place nothing.
2026-08-07 08:45:05,869 [ERROR] Bridge halted — the loop will keep observing but place nothing.
2026-08-07 09:00:07,466 [ERROR] Bridge halted — the loop will keep observing but place nothing.
2026-08-07 09:15:08,866 [ERROR] Bridge halted — the loop will keep observing but place nothing.
2026-08-07 09:30:00,336 [ERROR] Bridge halted — the loop will keep observing but place nothing.
2026-08-07 09:45:02,042 [ERROR] Bridge halted — the loop will keep observing but place nothing.
2026-08-07 10:00:04,022 [ERROR] Bridge halted — the loop will keep observing but place nothing.
2026-08-07 10:15:05,619 [ERROR] Bridge halted — the loop will keep observing but place nothing.
2026-08-07 10:30:07,240 [ERROR] Bridge halted — the loop will keep observing but place nothing.
2026-08-07 10:45:08,796 [ERROR] Bridge halted — the loop will keep observing but place nothing.
2026-08-07 11:00:00,261 [ERROR] Bridge halted — the loop will keep observing but place nothing.
2026-08-07 11:15:02,205 [ERROR] Bridge halted — the loop will keep observing but place nothing.
2026-08-07 11:30:03,951 [ERROR] Bridge halted — the loop will keep observing but place nothing.
2026-08-07 11:45:05,451 [ERROR] Bridge halted — the loop will keep observing but place nothing.
2026-08-07 12:00:07,176 [ERROR] Bridge halted — the loop will keep observing but place nothing.
2026-08-07 12:15:09,003 [ERROR] Bridge halted — the loop will keep observing but place nothing.
2026-08-07 12:30:01,360 [ERROR] Bridge halted — the loop will keep observing but place nothing.
2026-08-07 12:45:06,280 [ERROR] Bridge halted — the loop will keep observing but place nothing.
2026-08-07 13:00:00,752 [ERROR] Bridge halted — the loop will keep observing but place nothing.
2026-08-07 13:15:04,928 [ERROR] Bridge halted — the loop will keep observing but place nothing.
2026-08-07 13:30:08,576 [ERROR] Bridge halted — the loop will keep observing but place nothing.
2026-08-07 13:45:05,865 [ERROR] Bridge halted — the loop will keep observing but place nothing.
2026-08-07 14:00:01,163 [ERROR] Bridge halted — the loop will keep observing but place nothing.
2026-08-07 14:15:07,261 [ERROR] Bridge halted — the loop will keep observing but place nothing.
2026-08-07 14:30:03,136 [ERROR] Bridge halted — the loop will keep observing but place nothing.
2026-08-07 14:45:09,229 [ERROR] Bridge halted — the loop will keep observing but place nothing.
2026-08-07 15:00:05,179 [ERROR] Bridge halted — the loop will keep observing but place nothing.
2026-08-07 15:15:09,507 [ERROR] Bridge halted — the loop will keep observing but place nothing.
2026-08-07 15:30:03,780 [ERROR] Bridge halted — the loop will keep observing but place nothing.
2026-08-07 15:32:57,728 [INFO] MPC SOS Fade | MpcSosFadeStrategy v0 | hash fbf3b94bebf0 | commit bbe6540 | frozen | LIVE
2026-08-07 15:32:57,755 [WARNING] The previous run of this bot ended WITHOUT a shutdown record — its last lifecycle line was 'startup' at 2026-08-06T02:57:35+00:00. It was killed, it crashed, or the box went down. Nothing else records that.
2026-08-07 15:32:58,435 [INFO] Connected | #700107749 | $1,992.50 | PUPrime-Demo
2026-08-07 15:32:58,435 [INFO] MT5 connection lock released
2026-08-07 15:32:58,661 [INFO] Sizing against account balance $1,992.50
2026-08-07 15:33:03,170 [INFO] Warmed 5000 bars (2026-05-22 20:00:00+00:00 → 2026-08-07 15:15:00+00:00) in 4.0s
2026-08-07 15:33:03,172 [INFO] Equity re-anchored to the account after warm-up: 3,966.26 → 1,992.50
2026-08-07 15:33:04,279 [INFO] Watching for closed M15 bars (poll 10s). Ctrl-C to stop.
2026-08-07 16:45:14,147 [INFO] MPC SOS Fade | MpcSosFadeStrategy v0 | hash fbf3b94bebf0 | commit e20024e | frozen | LIVE
2026-08-07 16:45:14,152 [WARNING] The previous run of this bot ended WITHOUT a shutdown record — its last lifecycle line was 'startup' at 2026-08-07T15:32:57+00:00. It was killed, it crashed, or the box went down. Nothing else records that.
2026-08-07 16:45:14,705 [INFO] Connected | #700107749 | $1,992.50 | PUPrime-Demo
2026-08-07 16:45:14,706 [INFO] MT5 connection lock released
2026-08-07 16:45:14,804 [INFO] Sizing against account balance $1,992.50
2026-08-07 16:45:19,254 [INFO] Warmed 5000 bars (2026-05-24 22:15:00+00:00 → 2026-08-07 16:30:00+00:00) in 4.3s
2026-08-07 16:45:19,256 [INFO] Equity re-anchored to the account after warm-up: 3,966.26 → 1,992.50
2026-08-07 16:45:20,187 [INFO] Watching for closed M15 bars (poll 10s). Ctrl-C to stop.
2026-08-07 16:48:50,789 [INFO] Stop requested by file — shutting down cleanly.
2026-08-07 16:48:50,791 [INFO] Stop requested — shutting down.
2026-08-07 16:48:50,791 [INFO] Cleared a stale stop.request from a previous run.
2026-08-07 16:48:51,559 [INFO] MT5 disconnected.
2026-08-07 16:49:04,297 [INFO] MPC SOS Fade | MpcSosFadeStrategy v0 | hash fbf3b94bebf0 | commit e20024e | frozen | LIVE
2026-08-07 16:49:04,827 [INFO] Connected | #700107749 | $1,992.50 | PUPrime-Demo
2026-08-07 16:49:04,828 [INFO] MT5 connection lock released
2026-08-07 16:49:04,975 [INFO] Sizing against account balance $1,992.50
2026-08-07 16:49:10,512 [INFO] Warmed 5000 bars (2026-05-24 22:15:00+00:00 → 2026-08-07 16:30:00+00:00) in 5.3s
2026-08-07 16:49:10,520 [INFO] Equity re-anchored to the account after warm-up: 3,966.26 → 1,992.50
2026-08-07 16:49:11,507 [INFO] Watching for closed M15 bars (poll 10s). Ctrl-C to stop.
