2026-08-27 01:06:03,625 [WARNING] Heartbeat write failed: [WinError 5] Access is denied: 'C:\\trading\\algos\\markets\\fx\\instances\\mpc_sos_fade_demo\\bot_state.json.5932.tmp' -> 'C:\\trading\\algos\\markets\\fx\\instances\\mpc_sos_fade_demo\\bot_state.json'
2026-08-27 02:00:09,963 [INFO] POSITION CLOSED | T346619476 SHORT @ 4640.23 | P&L $1,173.43 (+0.89R)
2026-08-27 02:00:14,251 [INFO] Equity re-anchored to the account flat between trades: 14,500.27 → 14,538.88
2026-08-27 03:28:21,736 [INFO] Stop requested by file — shutting down cleanly.
2026-08-27 03:28:21,982 [INFO] Stop requested — shutting down.
2026-08-27 03:28:22,011 [INFO] Cleared a stale stop.request from a previous run.
2026-08-27 03:28:23,401 [INFO] MT5 disconnected.
2026-08-27 03:28:33,659 [INFO] MPC SOS Fade | MpcSosFadeStrategy v245 | hash c1d3337df643 | commit 5b912875 | frozen | LIVE
2026-08-27 03:28:34,201 [INFO] Connected | #700152905 | $14,538.88 | PUPrime-Demo
2026-08-27 03:28:34,203 [INFO] MT5 connection lock released
2026-08-27 03:28:34,439 [INFO] Sizing against account balance $14,538.88
2026-08-27 03:28:34,440 [INFO] Account risk cap: 10.0% of the live balance, across every bot on this account (this bot risks 10.0% per trade).
2026-08-27 03:28:34,445 [INFO] Setup alerts: ON — watching, entry_zone, blocked, resolved → the shared telegram_signal_chat
2026-08-27 03:28:38,226 [INFO] Warmed 5000 bars (2026-06-11 10:15:00+00:00 → 2026-08-27 03:00:00+00:00) in 3.7s
2026-08-27 03:28:38,228 [INFO] Equity re-anchored to the account after warm-up: 19,984.21 → 14,538.88
2026-08-27 03:28:39,597 [INFO] Watching for closed M15 bars (poll 10s). Ctrl-C to stop.
2026-08-27 03:43:12,331 [INFO] Stop requested by file — shutting down cleanly.
2026-08-27 03:43:12,332 [INFO] Stop requested — shutting down.
2026-08-27 03:43:12,333 [INFO] Cleared a stale stop.request from a previous run.
2026-08-27 03:43:13,157 [INFO] MT5 disconnected.
2026-08-27 03:43:24,335 [INFO] MPC SOS Fade | MpcSosFadeStrategy v245 | hash c1d3337df643 | commit 5b912875 | frozen | LIVE
2026-08-27 03:43:24,880 [INFO] Connected | #700152905 | $14,538.88 | PUPrime-Demo
2026-08-27 03:43:24,881 [INFO] MT5 connection lock released
2026-08-27 03:43:25,035 [INFO] Sizing basis 10,020.65 = broker balance 14,538.88 - 4,518.23 stated adjustment
2026-08-27 03:43:25,036 [INFO] Sizing against account balance $10,020.65
2026-08-27 03:43:25,037 [INFO] Account risk cap: 10.0% of the live balance, across every bot on this account (this bot risks 10.0% per trade).
2026-08-27 03:43:25,039 [INFO] Setup alerts: ON — watching, entry_zone, blocked, resolved → the shared telegram_signal_chat
2026-08-27 03:43:31,726 [INFO] Warmed 5000 bars (2026-06-11 10:30:00+00:00 → 2026-08-27 03:15:00+00:00) in 6.6s
2026-08-27 03:43:31,727 [INFO] Equity re-anchored to the account after warm-up: 13,773.74 → 10,020.65
2026-08-27 03:43:32,493 [INFO] Watching for closed M15 bars (poll 10s). Ctrl-C to stop.
