2026-09-21 00:00:02,873 [INFO] Priority 2 on this account: waiting 17s for the bots above
2026-09-21 00:15:04,107 [INFO] Priority 2 on this account: waiting 16s for the bots above
2026-09-21 00:30:03,445 [INFO] Priority 2 on this account: waiting 17s for the bots above
2026-09-21 00:45:03,626 [INFO] Priority 2 on this account: waiting 16s for the bots above
2026-09-21 01:00:03,721 [INFO] Priority 2 on this account: waiting 16s for the bots above
2026-09-21 01:15:04,397 [INFO] Priority 2 on this account: waiting 16s for the bots above
2026-09-21 01:30:04,355 [INFO] Priority 2 on this account: waiting 16s for the bots above
2026-09-21 01:45:03,987 [INFO] Priority 2 on this account: waiting 16s for the bots above
2026-09-21 02:00:04,039 [INFO] Priority 2 on this account: waiting 16s for the bots above
2026-09-21 02:15:03,929 [INFO] Priority 2 on this account: waiting 16s for the bots above
2026-09-21 02:30:03,753 [INFO] Priority 2 on this account: waiting 16s for the bots above
2026-09-21 02:45:03,466 [INFO] Priority 2 on this account: waiting 17s for the bots above
2026-09-21 03:00:03,239 [INFO] Priority 2 on this account: waiting 17s for the bots above
2026-09-21 03:15:08,590 [INFO] Priority 2 on this account: waiting 11s for the bots above
2026-09-21 03:30:03,196 [INFO] Priority 2 on this account: waiting 17s for the bots above
2026-09-21 03:45:02,887 [INFO] Priority 2 on this account: waiting 17s for the bots above
2026-09-21 04:00:02,640 [INFO] Priority 2 on this account: waiting 17s for the bots above
2026-09-21 04:15:03,079 [INFO] Priority 2 on this account: waiting 17s for the bots above
2026-09-21 04:30:03,092 [INFO] Priority 2 on this account: waiting 17s for the bots above
2026-09-21 04:45:03,005 [INFO] Priority 2 on this account: waiting 17s for the bots above
2026-09-21 05:00:02,865 [INFO] Priority 2 on this account: waiting 17s for the bots above
2026-09-21 05:15:02,648 [INFO] Priority 2 on this account: waiting 17s for the bots above
2026-09-21 05:30:02,826 [INFO] Priority 2 on this account: waiting 17s for the bots above
2026-09-21 05:45:03,885 [INFO] Priority 2 on this account: waiting 16s for the bots above
2026-09-21 06:00:03,638 [INFO] Priority 2 on this account: waiting 16s for the bots above
2026-09-21 06:15:03,913 [INFO] Priority 2 on this account: waiting 16s for the bots above
2026-09-21 06:30:04,293 [INFO] Priority 2 on this account: waiting 16s for the bots above
2026-09-21 06:45:04,540 [INFO] Priority 2 on this account: waiting 15s for the bots above
2026-09-21 07:00:03,497 [INFO] Priority 2 on this account: waiting 17s for the bots above
2026-09-21 07:15:05,445 [INFO] Priority 2 on this account: waiting 15s for the bots above
2026-09-21 07:30:03,912 [INFO] Priority 2 on this account: waiting 16s for the bots above
2026-09-21 07:45:04,257 [INFO] Priority 2 on this account: waiting 16s for the bots above
2026-09-21 08:00:04,124 [INFO] Priority 2 on this account: waiting 16s for the bots above
2026-09-21 08:15:04,478 [INFO] Priority 2 on this account: waiting 16s for the bots above
2026-09-21 08:30:04,005 [INFO] Priority 2 on this account: waiting 16s for the bots above
2026-09-21 08:45:04,018 [INFO] Priority 2 on this account: waiting 16s for the bots above
2026-09-21 09:00:03,918 [INFO] Priority 2 on this account: waiting 16s for the bots above
2026-09-21 09:15:04,208 [INFO] Priority 2 on this account: waiting 16s for the bots above
2026-09-21 09:30:03,512 [INFO] Priority 2 on this account: waiting 16s for the bots above
2026-09-21 09:45:04,457 [INFO] Priority 2 on this account: waiting 16s for the bots above
2026-09-21 10:00:03,171 [INFO] Priority 2 on this account: waiting 17s for the bots above
2026-09-21 10:15:03,372 [INFO] Priority 2 on this account: waiting 17s for the bots above
2026-09-21 10:30:03,675 [INFO] Priority 2 on this account: waiting 16s for the bots above
2026-09-21 10:45:03,310 [INFO] Priority 2 on this account: waiting 17s for the bots above
2026-09-21 11:00:03,622 [INFO] Priority 2 on this account: waiting 16s for the bots above
2026-09-21 11:15:02,844 [INFO] Priority 2 on this account: waiting 17s for the bots above
2026-09-21 11:30:03,451 [INFO] Priority 2 on this account: waiting 17s for the bots above
2026-09-21 11:45:03,469 [INFO] Priority 2 on this account: waiting 17s for the bots above
2026-09-21 12:00:04,300 [INFO] Priority 2 on this account: waiting 16s for the bots above
2026-09-21 12:15:07,745 [INFO] Priority 2 on this account: waiting 12s for the bots above
2026-09-21 12:30:04,593 [INFO] Priority 2 on this account: waiting 15s for the bots above
2026-09-21 12:45:04,830 [INFO] Priority 2 on this account: waiting 15s for the bots above
2026-09-21 13:00:04,721 [INFO] Priority 2 on this account: waiting 15s for the bots above
2026-09-21 13:15:04,735 [INFO] Priority 2 on this account: waiting 15s for the bots above
2026-09-21 13:30:04,471 [INFO] Priority 2 on this account: waiting 16s for the bots above
2026-09-21 13:45:05,405 [INFO] Priority 2 on this account: waiting 15s for the bots above
2026-09-21 14:00:05,945 [INFO] Priority 2 on this account: waiting 14s for the bots above
2026-09-21 14:15:06,185 [INFO] Priority 2 on this account: waiting 14s for the bots above
2026-09-21 14:30:06,063 [INFO] Priority 2 on this account: waiting 14s for the bots above
2026-09-21 14:45:06,022 [INFO] Priority 2 on this account: waiting 14s for the bots above
2026-09-21 15:00:07,172 [INFO] Priority 2 on this account: waiting 13s for the bots above
2026-09-21 15:15:06,924 [INFO] Priority 2 on this account: waiting 13s for the bots above
2026-09-21 15:30:05,734 [INFO] Priority 2 on this account: waiting 14s for the bots above
2026-09-21 15:45:05,749 [INFO] Priority 2 on this account: waiting 14s for the bots above
2026-09-21 16:00:05,461 [INFO] Priority 2 on this account: waiting 15s for the bots above
2026-09-21 16:15:06,411 [INFO] Priority 2 on this account: waiting 14s for the bots above
2026-09-21 16:30:05,404 [INFO] Priority 2 on this account: waiting 15s for the bots above
2026-09-21 16:45:04,601 [INFO] Priority 2 on this account: waiting 15s for the bots above
2026-09-21 17:00:04,046 [INFO] Priority 2 on this account: waiting 16s for the bots above
2026-09-21 17:15:04,158 [INFO] Priority 2 on this account: waiting 16s for the bots above
2026-09-21 17:30:04,697 [INFO] Priority 2 on this account: waiting 15s for the bots above
2026-09-21 17:45:04,955 [INFO] Priority 2 on this account: waiting 15s for the bots above
2026-09-21 18:00:04,911 [INFO] Priority 2 on this account: waiting 15s for the bots above
2026-09-21 18:15:04,010 [INFO] Priority 2 on this account: waiting 16s for the bots above
2026-09-21 18:30:03,915 [INFO] Priority 2 on this account: waiting 16s for the bots above
2026-09-21 18:45:04,368 [INFO] Priority 2 on this account: waiting 16s for the bots above
2026-09-21 19:00:03,570 [INFO] Priority 2 on this account: waiting 16s for the bots above
2026-09-21 19:15:03,660 [INFO] Priority 2 on this account: waiting 16s for the bots above
2026-09-21 19:30:04,031 [INFO] Priority 2 on this account: waiting 16s for the bots above
2026-09-21 19:45:04,534 [INFO] Priority 2 on this account: waiting 15s for the bots above
2026-09-21 20:00:04,996 [INFO] Priority 2 on this account: waiting 15s for the bots above
2026-09-21 20:15:03,484 [INFO] Priority 2 on this account: waiting 17s for the bots above
2026-09-21 20:30:02,392 [INFO] Priority 2 on this account: waiting 18s for the bots above
2026-09-21 20:45:02,098 [INFO] Priority 2 on this account: waiting 18s for the bots above
2026-09-21 22:05:07,227 [WARNING] 13 bars missed — re-warming the engines rather than resuming with a hole in the stream.
2026-09-21 22:05:07,227 [INFO] Sizing against account balance $16,455.84
2026-09-21 22:05:15,479 [INFO] Warmed 15000 bars (2026-07-07 10:35:00+00:00 → 2026-09-21 22:00:00+00:00) in 7.7s
2026-09-21 22:05:15,479 [INFO] Equity re-anchored to the account after warm-up: 16,135.45 → 16,455.84
2026-09-21 22:15:06,929 [INFO] Priority 2 on this account: waiting 13s for the bots above
2026-09-21 22:30:02,360 [INFO] Priority 2 on this account: waiting 18s for the bots above
2026-09-21 22:45:02,017 [INFO] Priority 2 on this account: waiting 18s for the bots above
2026-09-21 23:00:02,406 [INFO] Priority 2 on this account: waiting 18s for the bots above
2026-09-21 23:15:02,452 [INFO] Priority 2 on this account: waiting 18s for the bots above
