2026-09-22 00:00:03,025 [INFO] Priority 2 on this account: waiting 17s for the bots above
2026-09-22 00:15:03,803 [INFO] Priority 2 on this account: waiting 16s for the bots above
2026-09-22 00:30:03,996 [INFO] Priority 2 on this account: waiting 16s for the bots above
2026-09-22 00:45:03,837 [INFO] Priority 2 on this account: waiting 16s for the bots above
2026-09-22 01:00:04,113 [INFO] Priority 2 on this account: waiting 16s for the bots above
2026-09-22 01:15:06,544 [INFO] Priority 2 on this account: waiting 13s for the bots above
2026-09-22 01:30:05,379 [INFO] Priority 2 on this account: waiting 15s for the bots above
2026-09-22 01:45:14,306 [INFO] Priority 2 on this account: waiting 6s for the bots above
2026-09-22 02:00:07,322 [INFO] Priority 2 on this account: waiting 13s for the bots above
2026-09-22 02:15:04,070 [INFO] Priority 2 on this account: waiting 16s for the bots above
2026-09-22 02:30:03,799 [INFO] Priority 2 on this account: waiting 16s for the bots above
2026-09-22 02:45:04,335 [INFO] Priority 2 on this account: waiting 16s for the bots above
2026-09-22 03:00:03,730 [INFO] Priority 2 on this account: waiting 16s for the bots above
2026-09-22 03:15:04,292 [INFO] Priority 2 on this account: waiting 16s for the bots above
2026-09-22 03:30:09,613 [INFO] Priority 2 on this account: waiting 10s for the bots above
2026-09-22 03:45:03,081 [INFO] Priority 2 on this account: waiting 17s for the bots above
2026-09-22 04:00:03,431 [INFO] Priority 2 on this account: waiting 17s for the bots above
2026-09-22 04:15:04,210 [INFO] Priority 2 on this account: waiting 16s for the bots above
2026-09-22 04:19:41,071 [INFO] Stop requested by file — shutting down cleanly.
2026-09-22 04:19:41,071 [INFO] Stop requested — shutting down.
2026-09-22 04:19:41,072 [INFO] Cleared a stale stop.request from a previous run.
2026-09-22 04:19:42,322 [INFO] MT5 disconnected.
2026-09-22 04:20:00,825 [INFO] Extreme Leg | ExtremeLegStrategy v363 | hash bfc4c56b6136 | commit 24539dcb | frozen | LIVE
2026-09-22 04:20:01,539 [INFO] Connected | #700152905 | $16,455.47 | PUPrime-Demo
2026-09-22 04:20:01,539 [INFO] MT5 connection lock released
2026-09-22 04:20:01,910 [INFO] Sizing against account balance $16,455.47
2026-09-22 04:20:01,910 [INFO] Account risk cap: 10.0% of the live balance, across every bot on this account (this bot risks 5.0% per trade).
2026-09-22 04:20:01,926 [INFO] Setup alerts: ON — watching, entry_zone, blocked, resolved → the shared signals channel
2026-09-22 04:20:06,850 [INFO] Warmed 15000 bars (2026-07-07 16:50:00+00:00 → 2026-09-22 04:15:00+00:00) in 4.6s
2026-09-22 04:20:06,850 [INFO] Equity re-anchored to the account after warm-up: 16,135.09 → 16,455.47
2026-09-22 04:20:07,849 [INFO] Watching for closed M5 bars (poll 10s). Ctrl-C to stop.
2026-09-22 04:30:01,574 [INFO] Priority 2 on this account: waiting 18s for the bots above
2026-09-22 04:45:03,140 [INFO] Priority 2 on this account: waiting 17s for the bots above
2026-09-22 05:00:02,977 [INFO] Priority 2 on this account: waiting 17s for the bots above
2026-09-22 05:15:03,614 [INFO] Priority 2 on this account: waiting 16s for the bots above
